10:18:16 **** Incremental Build of configuration Debug for project intro ****
make all 
make: Nothing to be done for 'all'.
10:19:30 **** Incremental Build of configuration Debug for project intro ****
make all 
make: Nothing to be done for 'all'.
10:24:00 **** Auto Build of configuration Debug for project intro ****
make all 
Building file: ../src/helloworld.c
Invoking: ARM gcc compiler
arm-xilinx-eabi-gcc -Wall -O0 -g3 -c -fmessage-length=0 -MT"src/helloworld.o" -I../../intro_bsp/ps7_cortexa9_0/include -MMD -MP -MF"src/helloworld.d" -MT"src/helloworld.d" -o "src/helloworld.o" "../src/helloworld.c"
Finished building: ../src/helloworld.c
 
Building target: intro.elf
Invoking: ARM gcc linker
arm-xilinx-eabi-gcc -Wl,-T -Wl,../src/lscript.ld -L../../intro_bsp/ps7_cortexa9_0/lib -o "intro.elf"  ./src/helloworld.o ./src/platform.o   -Wl,--start-group,-lxil,-lgcc,-lc,--end-group
Finished building target: intro.elf
 
Invoking: ARM Print Size
arm-xilinx-eabi-size intro.elf  |tee "intro.elf.size"
   text	   data	    bss	    dec	    hex	filename
  24004	   1184	  22580	  47768	   ba98	intro.elf
Finished building: intro.elf.size
 
10:24:26 **** Incremental Build of configuration Debug for project intro ****
make all 
make: Nothing to be done for 'all'.
10:24:47 **** Incremental Build of configuration Debug for project intro ****
make all 
make: Nothing to be done for 'all'.
11:12:09 **** Incremental Build of configuration Debug for project intro ****
make all 
make: Nothing to be done for 'all'.
10:08:00 **** Auto Build of project intro_bsp ****
make -k all 
Running Make include in ps7_cortexa9_0/libsrc/ddrps_v1_0/src
make -C ps7_cortexa9_0/libsrc/ddrps_v1_0/src -s include  "SHELL=/bin/sh" "COMPILER=arm-xilinx-eabi-gcc" "ARCHIVER=arm-xilinx-eabi-ar" "COMPILER_FLAGS=  -O2 -c" "EXTRA_COMPILER_FLAGS=-g"
Running Make include in ps7_cortexa9_0/libsrc/uartps_v3_1/src
make -C ps7_cortexa9_0/libsrc/uartps_v3_1/src -s include  "SHELL=/bin/sh" "COMPILER=arm-xilinx-eabi-gcc" "ARCHIVER=arm-xilinx-eabi-ar" "COMPILER_FLAGS=  -O2 -c" "EXTRA_COMPILER_FLAGS=-g"
Running Make include in ps7_cortexa9_0/libsrc/devcfg_v3_3/src
make -C ps7_cortexa9_0/libsrc/devcfg_v3_3/src -s include  "SHELL=/bin/sh" "COMPILER=arm-xilinx-eabi-gcc" "ARCHIVER=arm-xilinx-eabi-ar" "COMPILER_FLAGS=  -O2 -c" "EXTRA_COMPILER_FLAGS=-g"
Running Make include in ps7_cortexa9_0/libsrc/xadcps_v2_2/src
make -C ps7_cortexa9_0/libsrc/xadcps_v2_2/src -s include  "SHELL=/bin/sh" "COMPILER=arm-xilinx-eabi-gcc" "ARCHIVER=arm-xilinx-eabi-ar" "COMPILER_FLAGS=  -O2 -c" "EXTRA_COMPILER_FLAGS=-g"
Running Make include in ps7_cortexa9_0/libsrc/dmaps_v2_1/src
make -C ps7_cortexa9_0/libsrc/dmaps_v2_1/src -s include  "SHELL=/bin/sh" "COMPILER=arm-xilinx-eabi-gcc" "ARCHIVER=arm-xilinx-eabi-ar" "COMPILER_FLAGS=  -O2 -c" "EXTRA_COMPILER_FLAGS=-g"
Running Make include in ps7_cortexa9_0/libsrc/gpiops_v3_1/src
make -C ps7_cortexa9_0/libsrc/gpiops_v3_1/src -s include  "SHELL=/bin/sh" "COMPILER=arm-xilinx-eabi-gcc" "ARCHIVER=arm-xilinx-eabi-ar" "COMPILER_FLAGS=  -O2 -c" "EXTRA_COMPILER_FLAGS=-g"
Running Make include in ps7_cortexa9_0/libsrc/scuwdt_v2_1/src
make -C ps7_cortexa9_0/libsrc/scuwdt_v2_1/src -s include  "SHELL=/bin/sh" "COMPILER=arm-xilinx-eabi-gcc" "ARCHIVER=arm-xilinx-eabi-ar" "COMPILER_FLAGS=  -O2 -c" "EXTRA_COMPILER_FLAGS=-g"
Running Make include in ps7_cortexa9_0/libsrc/cpu_cortexa9_v2_1/src
make -C ps7_cortexa9_0/libsrc/cpu_cortexa9_v2_1/src -s include  "SHELL=/bin/sh" "COMPILER=arm-xilinx-eabi-gcc" "ARCHIVER=arm-xilinx-eabi-ar" "COMPILER_FLAGS=  -O2 -c" "EXTRA_COMPILER_FLAGS=-g"
Running Make include in ps7_cortexa9_0/libsrc/standalone_v5_3/src
make -C ps7_cortexa9_0/libsrc/standalone_v5_3/src -s include  "SHELL=/bin/sh" "COMPILER=arm-xilinx-eabi-gcc" "ARCHIVER=arm-xilinx-eabi-ar" "COMPILER_FLAGS=  -O2 -c" "EXTRA_COMPILER_FLAGS=-g"
Running Make include in ps7_cortexa9_0/libsrc/emacps_v3_1/src
make -C ps7_cortexa9_0/libsrc/emacps_v3_1/src -s include  "SHELL=/bin/sh" "COMPILER=arm-xilinx-eabi-gcc" "ARCHIVER=arm-xilinx-eabi-ar" "COMPILER_FLAGS=  -O2 -c" "EXTRA_COMPILER_FLAGS=-g"
Running Make include in ps7_cortexa9_0/libsrc/sdps_v2_6/src
make -C ps7_cortexa9_0/libsrc/sdps_v2_6/src -s include  "SHELL=/bin/sh" "COMPILER=arm-xilinx-eabi-gcc" "ARCHIVER=arm-xilinx-eabi-ar" "COMPILER_FLAGS=  -O2 -c" "EXTRA_COMPILER_FLAGS=-g"
Running Make include in ps7_cortexa9_0/libsrc/scugic_v3_1/src
make -C ps7_cortexa9_0/libsrc/scugic_v3_1/src -s include  "SHELL=/bin/sh" "COMPILER=arm-xilinx-eabi-gcc" "ARCHIVER=arm-xilinx-eabi-ar" "COMPILER_FLAGS=  -O2 -c" "EXTRA_COMPILER_FLAGS=-g"
Running Make include in ps7_cortexa9_0/libsrc/usbps_v2_2/src
make -C ps7_cortexa9_0/libsrc/usbps_v2_2/src -s include  "SHELL=/bin/sh" "COMPILER=arm-xilinx-eabi-gcc" "ARCHIVER=arm-xilinx-eabi-ar" "COMPILER_FLAGS=  -O2 -c" "EXTRA_COMPILER_FLAGS=-g"
Running Make include in ps7_cortexa9_0/libsrc/coresightps_dcc_v1_2/src
make -C ps7_cortexa9_0/libsrc/coresightps_dcc_v1_2/src -s include  "SHELL=/bin/sh" "COMPILER=arm-xilinx-eabi-gcc" "ARCHIVER=arm-xilinx-eabi-ar" "COMPILER_FLAGS=  -O2 -c" "EXTRA_COMPILER_FLAGS=-g"
Running Make include in ps7_cortexa9_0/libsrc/gpio_v4_0/src
make -C ps7_cortexa9_0/libsrc/gpio_v4_0/src -s include  "SHELL=/bin/sh" "COMPILER=arm-xilinx-eabi-gcc" "ARCHIVER=arm-xilinx-eabi-ar" "COMPILER_FLAGS=  -O2 -c" "EXTRA_COMPILER_FLAGS=-g"
Running Make include in ps7_cortexa9_0/libsrc/ttcps_v3_0/src
make -C ps7_cortexa9_0/libsrc/ttcps_v3_0/src -s include  "SHELL=/bin/sh" "COMPILER=arm-xilinx-eabi-gcc" "ARCHIVER=arm-xilinx-eabi-ar" "COMPILER_FLAGS=  -O2 -c" "EXTRA_COMPILER_FLAGS=-g"
Running Make include in ps7_cortexa9_0/libsrc/scutimer_v2_1/src
make -C ps7_cortexa9_0/libsrc/scutimer_v2_1/src -s include  "SHELL=/bin/sh" "COMPILER=arm-xilinx-eabi-gcc" "ARCHIVER=arm-xilinx-eabi-ar" "COMPILER_FLAGS=  -O2 -c" "EXTRA_COMPILER_FLAGS=-g"
Running Make include in ps7_cortexa9_0/libsrc/qspips_v3_2/src
make -C ps7_cortexa9_0/libsrc/qspips_v3_2/src -s include  "SHELL=/bin/sh" "COMPILER=arm-xilinx-eabi-gcc" "ARCHIVER=arm-xilinx-eabi-ar" "COMPILER_FLAGS=  -O2 -c" "EXTRA_COMPILER_FLAGS=-g"
Running Make libs in ps7_cortexa9_0/libsrc/ddrps_v1_0/src
make -C ps7_cortexa9_0/libsrc/ddrps_v1_0/src -s libs  "SHELL=/bin/sh" "COMPILER=arm-xilinx-eabi-gcc" "ARCHIVER=arm-xilinx-eabi-ar" "COMPILER_FLAGS=  -O2 -c" "EXTRA_COMPILER_FLAGS=-g"
Compiling ddrps
arm-xilinx-eabi-ar: creating ../../../lib/libxil.a
Running Make libs in ps7_cortexa9_0/libsrc/uartps_v3_1/src
make -C ps7_cortexa9_0/libsrc/uartps_v3_1/src -s libs  "SHELL=/bin/sh" "COMPILER=arm-xilinx-eabi-gcc" "ARCHIVER=arm-xilinx-eabi-ar" "COMPILER_FLAGS=  -O2 -c" "EXTRA_COMPILER_FLAGS=-g"
Compiling uartps
Running Make libs in ps7_cortexa9_0/libsrc/devcfg_v3_3/src
make -C ps7_cortexa9_0/libsrc/devcfg_v3_3/src -s libs  "SHELL=/bin/sh" "COMPILER=arm-xilinx-eabi-gcc" "ARCHIVER=arm-xilinx-eabi-ar" "COMPILER_FLAGS=  -O2 -c" "EXTRA_COMPILER_FLAGS=-g"
Compiling devcfg
Running Make libs in ps7_cortexa9_0/libsrc/xadcps_v2_2/src
make -C ps7_cortexa9_0/libsrc/xadcps_v2_2/src -s libs  "SHELL=/bin/sh" "COMPILER=arm-xilinx-eabi-gcc" "ARCHIVER=arm-xilinx-eabi-ar" "COMPILER_FLAGS=  -O2 -c" "EXTRA_COMPILER_FLAGS=-g"
Compiling xadcps
Running Make libs in ps7_cortexa9_0/libsrc/dmaps_v2_1/src
make -C ps7_cortexa9_0/libsrc/dmaps_v2_1/src -s libs  "SHELL=/bin/sh" "COMPILER=arm-xilinx-eabi-gcc" "ARCHIVER=arm-xilinx-eabi-ar" "COMPILER_FLAGS=  -O2 -c" "EXTRA_COMPILER_FLAGS=-g"
Compiling dmaps
Running Make libs in ps7_cortexa9_0/libsrc/gpiops_v3_1/src
make -C ps7_cortexa9_0/libsrc/gpiops_v3_1/src -s libs  "SHELL=/bin/sh" "COMPILER=arm-xilinx-eabi-gcc" "ARCHIVER=arm-xilinx-eabi-ar" "COMPILER_FLAGS=  -O2 -c" "EXTRA_COMPILER_FLAGS=-g"
Compiling gpiops
Running Make libs in ps7_cortexa9_0/libsrc/scuwdt_v2_1/src
make -C ps7_cortexa9_0/libsrc/scuwdt_v2_1/src -s libs  "SHELL=/bin/sh" "COMPILER=arm-xilinx-eabi-gcc" "ARCHIVER=arm-xilinx-eabi-ar" "COMPILER_FLAGS=  -O2 -c" "EXTRA_COMPILER_FLAGS=-g"
Compiling scuwdt
Running Make libs in ps7_cortexa9_0/libsrc/cpu_cortexa9_v2_1/src
make -C ps7_cortexa9_0/libsrc/cpu_cortexa9_v2_1/src -s libs  "SHELL=/bin/sh" "COMPILER=arm-xilinx-eabi-gcc" "ARCHIVER=arm-xilinx-eabi-ar" "COMPILER_FLAGS=  -O2 -c" "EXTRA_COMPILER_FLAGS=-g"
Compiling cpu_cortexa9
Running Make libs in ps7_cortexa9_0/libsrc/standalone_v5_3/src
make -C ps7_cortexa9_0/libsrc/standalone_v5_3/src -s libs  "SHELL=/bin/sh" "COMPILER=arm-xilinx-eabi-gcc" "ARCHIVER=arm-xilinx-eabi-ar" "COMPILER_FLAGS=  -O2 -c" "EXTRA_COMPILER_FLAGS=-g"
Compiling standalone
Running Make libs in ps7_cortexa9_0/libsrc/emacps_v3_1/src
make -C ps7_cortexa9_0/libsrc/emacps_v3_1/src -s libs  "SHELL=/bin/sh" "COMPILER=arm-xilinx-eabi-gcc" "ARCHIVER=arm-xilinx-eabi-ar" "COMPILER_FLAGS=  -O2 -c" "EXTRA_COMPILER_FLAGS=-g"
Compiling emacps
Running Make libs in ps7_cortexa9_0/libsrc/sdps_v2_6/src
make -C ps7_cortexa9_0/libsrc/sdps_v2_6/src -s libs  "SHELL=/bin/sh" "COMPILER=arm-xilinx-eabi-gcc" "ARCHIVER=arm-xilinx-eabi-ar" "COMPILER_FLAGS=  -O2 -c" "EXTRA_COMPILER_FLAGS=-g"
Compiling sdps
Running Make libs in ps7_cortexa9_0/libsrc/scugic_v3_1/src
make -C ps7_cortexa9_0/libsrc/scugic_v3_1/src -s libs  "SHELL=/bin/sh" "COMPILER=arm-xilinx-eabi-gcc" "ARCHIVER=arm-xilinx-eabi-ar" "COMPILER_FLAGS=  -O2 -c" "EXTRA_COMPILER_FLAGS=-g"
Compiling scugic
Running Make libs in ps7_cortexa9_0/libsrc/usbps_v2_2/src
make -C ps7_cortexa9_0/libsrc/usbps_v2_2/src -s libs  "SHELL=/bin/sh" "COMPILER=arm-xilinx-eabi-gcc" "ARCHIVER=arm-xilinx-eabi-ar" "COMPILER_FLAGS=  -O2 -c" "EXTRA_COMPILER_FLAGS=-g"
Compiling usbps
Running Make libs in ps7_cortexa9_0/libsrc/coresightps_dcc_v1_2/src
make -C ps7_cortexa9_0/libsrc/coresightps_dcc_v1_2/src -s libs  "SHELL=/bin/sh" "COMPILER=arm-xilinx-eabi-gcc" "ARCHIVER=arm-xilinx-eabi-ar" "COMPILER_FLAGS=  -O2 -c" "EXTRA_COMPILER_FLAGS=-g"
Compiling coresightps_dcc
Running Make libs in ps7_cortexa9_0/libsrc/gpio_v4_0/src
make -C ps7_cortexa9_0/libsrc/gpio_v4_0/src -s libs  "SHELL=/bin/sh" "COMPILER=arm-xilinx-eabi-gcc" "ARCHIVER=arm-xilinx-eabi-ar" "COMPILER_FLAGS=  -O2 -c" "EXTRA_COMPILER_FLAGS=-g"
Compiling gpio
Running Make libs in ps7_cortexa9_0/libsrc/ttcps_v3_0/src
make -C ps7_cortexa9_0/libsrc/ttcps_v3_0/src -s libs  "SHELL=/bin/sh" "COMPILER=arm-xilinx-eabi-gcc" "ARCHIVER=arm-xilinx-eabi-ar" "COMPILER_FLAGS=  -O2 -c" "EXTRA_COMPILER_FLAGS=-g"
Compiling ttcps
Running Make libs in ps7_cortexa9_0/libsrc/scutimer_v2_1/src
make -C ps7_cortexa9_0/libsrc/scutimer_v2_1/src -s libs  "SHELL=/bin/sh" "COMPILER=arm-xilinx-eabi-gcc" "ARCHIVER=arm-xilinx-eabi-ar" "COMPILER_FLAGS=  -O2 -c" "EXTRA_COMPILER_FLAGS=-g"
Compiling scutimer
Running Make libs in ps7_cortexa9_0/libsrc/qspips_v3_2/src
make -C ps7_cortexa9_0/libsrc/qspips_v3_2/src -s libs  "SHELL=/bin/sh" "COMPILER=arm-xilinx-eabi-gcc" "ARCHIVER=arm-xilinx-eabi-ar" "COMPILER_FLAGS=  -O2 -c" "EXTRA_COMPILER_FLAGS=-g"
Compiling qspips
Finished building libraries
10:08:15 **** Auto Build of configuration Debug for project intro ****
make all 
Building file: ../src/helloworld.c
Invoking: ARM gcc compiler
arm-xilinx-eabi-gcc -Wall -O0 -g3 -c -fmessage-length=0 -MT"src/helloworld.o" -I../../intro_bsp/ps7_cortexa9_0/include -MMD -MP -MF"src/helloworld.d" -MT"src/helloworld.d" -o "src/helloworld.o" "../src/helloworld.c"
Finished building: ../src/helloworld.c
 
Building file: ../src/platform.c
Invoking: ARM gcc compiler
arm-xilinx-eabi-gcc -Wall -O0 -g3 -c -fmessage-length=0 -MT"src/platform.o" -I../../intro_bsp/ps7_cortexa9_0/include -MMD -MP -MF"src/platform.d" -MT"src/platform.d" -o "src/platform.o" "../src/platform.c"
Finished building: ../src/platform.c
 
Building target: intro.elf
Invoking: ARM gcc linker
arm-xilinx-eabi-gcc -Wl,-T -Wl,../src/lscript.ld -L../../intro_bsp/ps7_cortexa9_0/lib -o "intro.elf"  ./src/helloworld.o ./src/platform.o   -Wl,--start-group,-lxil,-lgcc,-lc,--end-group
Finished building target: intro.elf
 
Invoking: ARM Print Size
arm-xilinx-eabi-size intro.elf  |tee "intro.elf.size"
   text	   data	    bss	    dec	    hex	filename
  24036	   1200	  22580	  47816	   bac8	intro.elf
Finished building: intro.elf.size
 
10:17:59 **** Auto Build of configuration Debug for project intro ****
make all 
Building file: ../src/helloworld.c
Invoking: ARM gcc compiler
arm-xilinx-eabi-gcc -Wall -O0 -g3 -c -fmessage-length=0 -MT"src/helloworld.o" -I../../intro_bsp/ps7_cortexa9_0/include -MMD -MP -MF"src/helloworld.d" -MT"src/helloworld.d" -o "src/helloworld.o" "../src/helloworld.c"
../src/helloworld.c: In function 'main':
../src/helloworld.c:44:41: error: 'input' undeclared (first use in this function)
src/subdir.mk:24: recipe for target 'src/helloworld.o' failed
       switch_data = XGpio_DiscreteRead(&input, 2); //get switch data
                                         ^
../src/helloworld.c:44:41: note: each undeclared identifier is reported only once for each function it appears in
../src/helloworld.c:49:28: error: 'output' undeclared (first use in this function)
       XGpio_DiscreteWrite(&output, 1, switch_data ^ xor_mask); //write switch data to the LEDs
                            ^
make: *** [src/helloworld.o] Error 1
10:19:14 **** Auto Build of configuration Debug for project intro ****
make all 
Building file: ../src/helloworld.c
Invoking: ARM gcc compiler
arm-xilinx-eabi-gcc -Wall -O0 -g3 -c -fmessage-length=0 -MT"src/helloworld.o" -I../../intro_bsp/ps7_cortexa9_0/include -MMD -MP -MF"src/helloworld.d" -MT"src/helloworld.d" -o "src/helloworld.o" "../src/helloworld.c"
../src/helloworld.c: In function 'main':
../src/helloworld.c:45:41: error: 'input' undeclared (first use in this function)
       switch_data = XGpio_DiscreteRead(&input, 2); //get switch data
                                         ^
../src/helloworld.c:45:41: note: each undeclared identifier is reported only once for each function it appears in
../src/helloworld.c:50:28: error: 'output' undeclared (first use in this function)
       XGpio_DiscreteWrite(&output, 1, switch_data ^ xor_mask); //write switch data to the LEDs
                            ^
src/subdir.mk:24: recipe for target 'src/helloworld.o' failed
make: *** [src/helloworld.o] Error 1
10:21:06 **** Auto Build of configuration Debug for project intro ****
make all 
Building file: ../src/helloworld.c
Invoking: ARM gcc compiler
arm-xilinx-eabi-gcc -Wall -O0 -g3 -c -fmessage-length=0 -MT"src/helloworld.o" -I../../intro_bsp/ps7_cortexa9_0/include -MMD -MP -MF"src/helloworld.d" -MT"src/helloworld.d" -o "src/helloworld.o" "../src/helloworld.c"
Finished building: ../src/helloworld.c
 
Building target: intro.elf
Invoking: ARM gcc linker
arm-xilinx-eabi-gcc -Wl,-T -Wl,../src/lscript.ld -L../../intro_bsp/ps7_cortexa9_0/lib -o "intro.elf"  ./src/helloworld.o ./src/platform.o   -Wl,--start-group,-lxil,-lgcc,-lc,--end-group
Finished building target: intro.elf
 
Invoking: ARM Print Size
arm-xilinx-eabi-size intro.elf  |tee "intro.elf.size"
   text	   data	    bss	    dec	    hex	filename
  24092	   1200	  22580	  47872	   bb00	intro.elf
Finished building: intro.elf.size
 
10:23:32 **** Auto Build of configuration Debug for project intro ****
make all 
Building file: ../src/helloworld.c
Invoking: ARM gcc compiler
arm-xilinx-eabi-gcc -Wall -O0 -g3 -c -fmessage-length=0 -MT"src/helloworld.o" -I../../intro_bsp/ps7_cortexa9_0/include -MMD -MP -MF"src/helloworld.d" -MT"src/helloworld.d" -o "src/helloworld.o" "../src/helloworld.c"
../src/helloworld.c: In function 'main':
../src/helloworld.c:35:8: warning: unused variable 'control' [-Wunused-variable]
    int control;
        ^
../src/helloworld.c:34:8: warning: unused variable 'rgb' [-Wunused-variable]
    int rgb;
        ^
Finished building: ../src/helloworld.c
 
Building target: intro.elf
Invoking: ARM gcc linker
arm-xilinx-eabi-gcc -Wl,-T -Wl,../src/lscript.ld -L../../intro_bsp/ps7_cortexa9_0/lib -o "intro.elf"  ./src/helloworld.o ./src/platform.o   -Wl,--start-group,-lxil,-lgcc,-lc,--end-group
Finished building target: intro.elf
 
Invoking: ARM Print Size
arm-xilinx-eabi-size intro.elf  |tee "intro.elf.size"
   text	   data	    bss	    dec	    hex	filename
  24092	   1200	  22580	  47872	   bb00	intro.elf
Finished building: intro.elf.size
 
10:48:23 **** Auto Build of configuration Debug for project intro ****
make all 
Building file: ../src/helloworld.c
Invoking: ARM gcc compiler
arm-xilinx-eabi-gcc -Wall -O0 -g3 -c -fmessage-length=0 -MT"src/helloworld.o" -I../../intro_bsp/ps7_cortexa9_0/include -MMD -MP -MF"src/helloworld.d" -MT"src/helloworld.d" -o "src/helloworld.o" "../src/helloworld.c"
../src/helloworld.c: In function 'main':
../src/helloworld.c:62:4: error: 'XGpio_Di' undeclared (first use in this function)
    XGpio_Di
    ^
../src/helloworld.c:62:4: note: each undeclared identifier is reported only once for each function it appears in
../src/helloworld.c:64:4: error: expected ';' before 'while'
    while(1){
    ^
../src/helloworld.c:37:8: warning: unused variable 'control' [-Wunused-variable]
    int control;
        ^
../src/helloworld.c:35:8: warning: unused variable 'xor_mask' [-Wunused-variable]
    int xor_mask = 0;
        ^
../src/helloworld.c:34:8: warning: unused variable 'switch_data' [-Wunused-variable]
    int switch_data = 0;
        ^
../src/helloworld.c:33:8: warning: unused variable 'button_data' [-Wunused-variable]
    int button_data = 0;
        ^
src/subdir.mk:24: recipe for target 'src/helloworld.o' failed
make: *** [src/helloworld.o] Error 1
10:49:09 **** Auto Build of configuration Debug for project intro ****
make all 
Building file: ../src/helloworld.c
Invoking: ARM gcc compiler
arm-xilinx-eabi-gcc -Wall -O0 -g3 -c -fmessage-length=0 -MT"src/helloworld.o" -I../../intro_bsp/ps7_cortexa9_0/include -MMD -MP -MF"src/helloworld.d" -MT"src/helloworld.d" -o "src/helloworld.o" "../src/helloworld.c"
../src/helloworld.c: In function 'main':
../src/helloworld.c:37:8: warning: unused variable 'control' [-Wunused-variable]
    int control;
        ^
Finished building: ../src/helloworld.c
 
Building target: intro.elf
Invoking: ARM gcc linker
arm-xilinx-eabi-gcc -Wl,-T -Wl,../src/lscript.ld -L../../intro_bsp/ps7_cortexa9_0/lib -o "intro.elf"  ./src/helloworld.o ./src/platform.o   -Wl,--start-group,-lxil,-lgcc,-lc,--end-group
Finished building target: intro.elf
 
Invoking: ARM Print Size
arm-xilinx-eabi-size intro.elf  |tee "intro.elf.size"
   text	   data	    bss	    dec	    hex	filename
  24684	   1200	  22580	  48464	   bd50	intro.elf
Finished building: intro.elf.size
 
10:49:24 **** Auto Build of configuration Debug for project intro ****
make all 
Building file: ../src/helloworld.c
Invoking: ARM gcc compiler
arm-xilinx-eabi-gcc -Wall -O0 -g3 -c -fmessage-length=0 -MT"src/helloworld.o" -I../../intro_bsp/ps7_cortexa9_0/include -MMD -MP -MF"src/helloworld.d" -MT"src/helloworld.d" -o "src/helloworld.o" "../src/helloworld.c"
../src/helloworld.c: In function 'main':
../src/helloworld.c:37:8: warning: unused variable 'control' [-Wunused-variable]
    int control;
        ^
Finished building: ../src/helloworld.c
 
Building target: intro.elf
Invoking: ARM gcc linker
arm-xilinx-eabi-gcc -Wl,-T -Wl,../src/lscript.ld -L../../intro_bsp/ps7_cortexa9_0/lib -o "intro.elf"  ./src/helloworld.o ./src/platform.o   -Wl,--start-group,-lxil,-lgcc,-lc,--end-group
Finished building target: intro.elf
 
Invoking: ARM Print Size
arm-xilinx-eabi-size intro.elf  |tee "intro.elf.size"
   text	   data	    bss	    dec	    hex	filename
  24684	   1200	  22580	  48464	   bd50	intro.elf
Finished building: intro.elf.size
 
10:51:41 **** Auto Build of configuration Debug for project intro ****
make all 
Building file: ../src/helloworld.c
Invoking: ARM gcc compiler
arm-xilinx-eabi-gcc -Wall -O0 -g3 -c -fmessage-length=0 -MT"src/helloworld.o" -I../../intro_bsp/ps7_cortexa9_0/include -MMD -MP -MF"src/helloworld.d" -MT"src/helloworld.d" -o "src/helloworld.o" "../src/helloworld.c"
../src/helloworld.c: In function 'main':
../src/helloworld.c:37:8: warning: unused variable 'control' [-Wunused-variable]
    int control;
        ^
Finished building: ../src/helloworld.c
 
Building target: intro.elf
Invoking: ARM gcc linker
arm-xilinx-eabi-gcc -Wl,-T -Wl,../src/lscript.ld -L../../intro_bsp/ps7_cortexa9_0/lib -o "intro.elf"  ./src/helloworld.o ./src/platform.o   -Wl,--start-group,-lxil,-lgcc,-lc,--end-group
Finished building target: intro.elf
 
Invoking: ARM Print Size
arm-xilinx-eabi-size intro.elf  |tee "intro.elf.size"
   text	   data	    bss	    dec	    hex	filename
  24724	   1200	  22580	  48504	   bd78	intro.elf
Finished building: intro.elf.size
 
10:53:25 **** Auto Build of configuration Debug for project intro ****
make all 
Building file: ../src/helloworld.c
Invoking: ARM gcc compiler
arm-xilinx-eabi-gcc -Wall -O0 -g3 -c -fmessage-length=0 -MT"src/helloworld.o" -I../../intro_bsp/ps7_cortexa9_0/include -MMD -MP -MF"src/helloworld.d" -MT"src/helloworld.d" -o "src/helloworld.o" "../src/helloworld.c"
../src/helloworld.c: In function 'main':
../src/helloworld.c:37:8: warning: unused variable 'control' [-Wunused-variable]
    int control;
        ^
Finished building: ../src/helloworld.c
 
Building target: intro.elf
Invoking: ARM gcc linker
arm-xilinx-eabi-gcc -Wl,-T -Wl,../src/lscript.ld -L../../intro_bsp/ps7_cortexa9_0/lib -o "intro.elf"  ./src/helloworld.o ./src/platform.o   -Wl,--start-group,-lxil,-lgcc,-lc,--end-group
Finished building target: intro.elf
 
Invoking: ARM Print Size
arm-xilinx-eabi-size intro.elf  |tee "intro.elf.size"
   text	   data	    bss	    dec	    hex	filename
  24744	   1200	  22580	  48524	   bd8c	intro.elf
Finished building: intro.elf.size
 
10:59:48 **** Auto Build of configuration Debug for project intro ****
make all 
Building file: ../src/helloworld.c
Invoking: ARM gcc compiler
arm-xilinx-eabi-gcc -Wall -O0 -g3 -c -fmessage-length=0 -MT"src/helloworld.o" -I../../intro_bsp/ps7_cortexa9_0/include -MMD -MP -MF"src/helloworld.d" -MT"src/helloworld.d" -o "src/helloworld.o" "../src/helloworld.c"
../src/helloworld.c: In function 'main':
../src/helloworld.c:37:8: warning: unused variable 'control' [-Wunused-variable]
    int control;
        ^
Finished building: ../src/helloworld.c
 
Building target: intro.elf
Invoking: ARM gcc linker
arm-xilinx-eabi-gcc -Wl,-T -Wl,../src/lscript.ld -L../../intro_bsp/ps7_cortexa9_0/lib -o "intro.elf"  ./src/helloworld.o ./src/platform.o   -Wl,--start-group,-lxil,-lgcc,-lc,--end-group
Finished building target: intro.elf
 
Invoking: ARM Print Size
arm-xilinx-eabi-size intro.elf  |tee "intro.elf.size"
   text	   data	    bss	    dec	    hex	filename
  24744	   1200	  22580	  48524	   bd8c	intro.elf
Finished building: intro.elf.size
 
11:19:10 **** Incremental Build of configuration Debug for project intro ****
make all 
make: Nothing to be done for 'all'.
11:23:16 **** Auto Build of configuration Debug for project intro ****
make all 
Building file: ../src/helloworld.c
Invoking: ARM gcc compiler
arm-xilinx-eabi-gcc -Wall -O0 -g3 -c -fmessage-length=0 -MT"src/helloworld.o" -I../../intro_bsp/ps7_cortexa9_0/include -MMD -MP -MF"src/helloworld.d" -MT"src/helloworld.d" -o "src/helloworld.o" "../src/helloworld.c"
../src/helloworld.c: In function 'main':
../src/helloworld.c:37:8: warning: unused variable 'control' [-Wunused-variable]
    int control;
        ^
Finished building: ../src/helloworld.c
 
Building target: intro.elf
Invoking: ARM gcc linker
arm-xilinx-eabi-gcc -Wl,-T -Wl,../src/lscript.ld -L../../intro_bsp/ps7_cortexa9_0/lib -o "intro.elf"  ./src/helloworld.o ./src/platform.o   -Wl,--start-group,-lxil,-lgcc,-lc,--end-group
Finished building target: intro.elf
 
Invoking: ARM Print Size
arm-xilinx-eabi-size intro.elf  |tee "intro.elf.size"
   text	   data	    bss	    dec	    hex	filename
  24824	   1200	  22580	  48604	   bddc	intro.elf
Finished building: intro.elf.size
 
11:24:41 **** Incremental Build of configuration Debug for project intro ****
make all 
make: Nothing to be done for 'all'.
11:26:40 **** Auto Build of configuration Debug for project intro ****
make all 
Building file: ../src/helloworld.c
Invoking: ARM gcc compiler
arm-xilinx-eabi-gcc -Wall -O0 -g3 -c -fmessage-length=0 -MT"src/helloworld.o" -I../../intro_bsp/ps7_cortexa9_0/include -MMD -MP -MF"src/helloworld.d" -MT"src/helloworld.d" -o "src/helloworld.o" "../src/helloworld.c"
../src/helloworld.c: In function 'main':
../src/helloworld.c:37:8: warning: unused variable 'control' [-Wunused-variable]
    int control;
        ^
Finished building: ../src/helloworld.c
 
Building target: intro.elf
Invoking: ARM gcc linker
arm-xilinx-eabi-gcc -Wl,-T -Wl,../src/lscript.ld -L../../intro_bsp/ps7_cortexa9_0/lib -o "intro.elf"  ./src/helloworld.o ./src/platform.o   -Wl,--start-group,-lxil,-lgcc,-lc,--end-group
Finished building target: intro.elf
 
Invoking: ARM Print Size
arm-xilinx-eabi-size intro.elf  |tee "intro.elf.size"
   text	   data	    bss	    dec	    hex	filename
  24824	   1200	  22580	  48604	   bddc	intro.elf
Finished building: intro.elf.size
 
11:27:14 **** Incremental Build of configuration Debug for project intro ****
make all 
make: Nothing to be done for 'all'.
11:27:32 **** Incremental Build of configuration Debug for project intro ****
make all 
make: Nothing to be done for 'all'.
11:28:12 **** Incremental Build of configuration Debug for project intro ****
make all 
make: Nothing to be done for 'all'.
11:31:47 **** Auto Build of configuration Debug for project intro ****
make all 
Building file: ../src/helloworld.c
Invoking: ARM gcc compiler
arm-xilinx-eabi-gcc -Wall -O0 -g3 -c -fmessage-length=0 -MT"src/helloworld.o" -I../../intro_bsp/ps7_cortexa9_0/include -MMD -MP -MF"src/helloworld.d" -MT"src/helloworld.d" -o "src/helloworld.o" "../src/helloworld.c"
../src/helloworld.c: In function 'main':
../src/helloworld.c:37:8: warning: unused variable 'control' [-Wunused-variable]
    int control;
        ^
Finished building: ../src/helloworld.c
 
Building target: intro.elf
Invoking: ARM gcc linker
arm-xilinx-eabi-gcc -Wl,-T -Wl,../src/lscript.ld -L../../intro_bsp/ps7_cortexa9_0/lib -o "intro.elf"  ./src/helloworld.o ./src/platform.o   -Wl,--start-group,-lxil,-lgcc,-lc,--end-group
Finished building target: intro.elf
 
Invoking: ARM Print Size
arm-xilinx-eabi-size intro.elf  |tee "intro.elf.size"
   text	   data	    bss	    dec	    hex	filename
  24824	   1200	  22580	  48604	   bddc	intro.elf
Finished building: intro.elf.size
 
11:32:28 **** Incremental Build of configuration Debug for project intro ****
make all 
make: Nothing to be done for 'all'.
11:35:11 **** Auto Build of configuration Debug for project intro ****
make all 
Building file: ../src/helloworld.c
Invoking: ARM gcc compiler
arm-xilinx-eabi-gcc -Wall -O0 -g3 -c -fmessage-length=0 -MT"src/helloworld.o" -I../../intro_bsp/ps7_cortexa9_0/include -MMD -MP -MF"src/helloworld.d" -MT"src/helloworld.d" -o "src/helloworld.o" "../src/helloworld.c"
../src/helloworld.c: In function 'main':
../src/helloworld.c:37:8: warning: unused variable 'control' [-Wunused-variable]
    int control;
        ^
Finished building: ../src/helloworld.c
 
Building target: intro.elf
Invoking: ARM gcc linker
arm-xilinx-eabi-gcc -Wl,-T -Wl,../src/lscript.ld -L../../intro_bsp/ps7_cortexa9_0/lib -o "intro.elf"  ./src/helloworld.o ./src/platform.o   -Wl,--start-group,-lxil,-lgcc,-lc,--end-group
Finished building target: intro.elf
 
Invoking: ARM Print Size
arm-xilinx-eabi-size intro.elf  |tee "intro.elf.size"
   text	   data	    bss	    dec	    hex	filename
  24848	   1200	  22580	  48628	   bdf4	intro.elf
Finished building: intro.elf.size
 
11:35:41 **** Incremental Build of configuration Debug for project intro ****
make all 
make: Nothing to be done for 'all'.
11:36:30 **** Incremental Build of configuration Debug for project intro ****
make all 
make: Nothing to be done for 'all'.
11:36:57 **** Incremental Build of configuration Debug for project intro ****
make all 
make: Nothing to be done for 'all'.
11:37:10 **** Incremental Build of configuration Debug for project intro ****
make all 
make: Nothing to be done for 'all'.
11:37:39 **** Incremental Build of configuration Debug for project intro ****
make all 
make: Nothing to be done for 'all'.
11:37:59 **** Incremental Build of configuration Debug for project intro ****
make all 
make: Nothing to be done for 'all'.
11:45:46 **** Auto Build of configuration Debug for project intro ****
make all 
Building file: ../src/helloworld.c
Invoking: ARM gcc compiler
arm-xilinx-eabi-gcc -Wall -O0 -g3 -c -fmessage-length=0 -MT"src/helloworld.o" -I../../intro_bsp/ps7_cortexa9_0/include -MMD -MP -MF"src/helloworld.d" -MT"src/helloworld.d" -o "src/helloworld.o" "../src/helloworld.c"
../src/helloworld.c: In function 'main':
../src/helloworld.c:37:8: warning: unused variable 'control' [-Wunused-variable]
    int control;
        ^
Finished building: ../src/helloworld.c
 
Building target: intro.elf
Invoking: ARM gcc linker
arm-xilinx-eabi-gcc -Wl,-T -Wl,../src/lscript.ld -L../../intro_bsp/ps7_cortexa9_0/lib -o "intro.elf"  ./src/helloworld.o ./src/platform.o   -Wl,--start-group,-lxil,-lgcc,-lc,--end-group
Finished building target: intro.elf
 
Invoking: ARM Print Size
arm-xilinx-eabi-size intro.elf  |tee "intro.elf.size"
   text	   data	    bss	    dec	    hex	filename
  24860	   1200	  22580	  48640	   be00	intro.elf
Finished building: intro.elf.size
 
11:46:13 **** Incremental Build of configuration Debug for project intro ****
make all 
make: Nothing to be done for 'all'.
11:57:01 **** Auto Build of configuration Debug for project intro ****
make all 
Building file: ../src/helloworld.c
Invoking: ARM gcc compiler
arm-xilinx-eabi-gcc -Wall -O0 -g3 -c -fmessage-length=0 -MT"src/helloworld.o" -I../../intro_bsp/ps7_cortexa9_0/include -MMD -MP -MF"src/helloworld.d" -MT"src/helloworld.d" -o "src/helloworld.o" "../src/helloworld.c"
../src/helloworld.c: In function 'main':
../src/helloworld.c:37:8: warning: unused variable 'control' [-Wunused-variable]
    int control;
        ^
Finished building: ../src/helloworld.c
 
Building target: intro.elf
Invoking: ARM gcc linker
arm-xilinx-eabi-gcc -Wl,-T -Wl,../src/lscript.ld -L../../intro_bsp/ps7_cortexa9_0/lib -o "intro.elf"  ./src/helloworld.o ./src/platform.o   -Wl,--start-group,-lxil,-lgcc,-lc,--end-group
Finished building target: intro.elf
 
Invoking: ARM Print Size
arm-xilinx-eabi-size intro.elf  |tee "intro.elf.size"
   text	   data	    bss	    dec	    hex	filename
  24860	   1200	  22580	  48640	   be00	intro.elf
Finished building: intro.elf.size
 
12:02:50 **** Incremental Build of configuration Debug for project intro ****
make all 
make: Nothing to be done for 'all'.
12:08:57 **** Auto Build of configuration Debug for project intro ****
make all 
Building file: ../src/helloworld.c
Invoking: ARM gcc compiler
arm-xilinx-eabi-gcc -Wall -O0 -g3 -c -fmessage-length=0 -MT"src/helloworld.o" -I../../intro_bsp/ps7_cortexa9_0/include -MMD -MP -MF"src/helloworld.d" -MT"src/helloworld.d" -o "src/helloworld.o" "../src/helloworld.c"
../src/helloworld.c: In function 'main':
../src/helloworld.c:37:8: warning: unused variable 'control' [-Wunused-variable]
    int control;
        ^
Finished building: ../src/helloworld.c
 
Building target: intro.elf
Invoking: ARM gcc linker
arm-xilinx-eabi-gcc -Wl,-T -Wl,../src/lscript.ld -L../../intro_bsp/ps7_cortexa9_0/lib -o "intro.elf"  ./src/helloworld.o ./src/platform.o   -Wl,--start-group,-lxil,-lgcc,-lc,--end-group
Finished building target: intro.elf
 
Invoking: ARM Print Size
arm-xilinx-eabi-size intro.elf  |tee "intro.elf.size"
   text	   data	    bss	    dec	    hex	filename
  24880	   1200	  22580	  48660	   be14	intro.elf
Finished building: intro.elf.size
 
12:09:17 **** Auto Build of configuration Debug for project intro ****
make all 
Building file: ../src/helloworld.c
Invoking: ARM gcc compiler
arm-xilinx-eabi-gcc -Wall -O0 -g3 -c -fmessage-length=0 -MT"src/helloworld.o" -I../../intro_bsp/ps7_cortexa9_0/include -MMD -MP -MF"src/helloworld.d" -MT"src/helloworld.d" -o "src/helloworld.o" "../src/helloworld.c"
../src/helloworld.c: In function 'main':
../src/helloworld.c:37:8: warning: unused variable 'control' [-Wunused-variable]
    int control;
        ^
Finished building: ../src/helloworld.c
 
Building target: intro.elf
Invoking: ARM gcc linker
arm-xilinx-eabi-gcc -Wl,-T -Wl,../src/lscript.ld -L../../intro_bsp/ps7_cortexa9_0/lib -o "intro.elf"  ./src/helloworld.o ./src/platform.o   -Wl,--start-group,-lxil,-lgcc,-lc,--end-group
Finished building target: intro.elf
 
Invoking: ARM Print Size
arm-xilinx-eabi-size intro.elf  |tee "intro.elf.size"
   text	   data	    bss	    dec	    hex	filename
  24880	   1200	  22580	  48660	   be14	intro.elf
Finished building: intro.elf.size
 
12:09:46 **** Auto Build of configuration Debug for project intro ****
make all 
Building file: ../src/helloworld.c
Invoking: ARM gcc compiler
arm-xilinx-eabi-gcc -Wall -O0 -g3 -c -fmessage-length=0 -MT"src/helloworld.o" -I../../intro_bsp/ps7_cortexa9_0/include -MMD -MP -MF"src/helloworld.d" -MT"src/helloworld.d" -o "src/helloworld.o" "../src/helloworld.c"
../src/helloworld.c: In function 'main':
../src/helloworld.c:37:8: warning: unused variable 'control' [-Wunused-variable]
    int control;
        ^
Finished building: ../src/helloworld.c
 
Building target: intro.elf
Invoking: ARM gcc linker
arm-xilinx-eabi-gcc -Wl,-T -Wl,../src/lscript.ld -L../../intro_bsp/ps7_cortexa9_0/lib -o "intro.elf"  ./src/helloworld.o ./src/platform.o   -Wl,--start-group,-lxil,-lgcc,-lc,--end-group
Finished building target: intro.elf
 
Invoking: ARM Print Size
arm-xilinx-eabi-size intro.elf  |tee "intro.elf.size"
   text	   data	    bss	    dec	    hex	filename
  24880	   1200	  22580	  48660	   be14	intro.elf
Finished building: intro.elf.size
 
12:09:55 **** Auto Build of configuration Debug for project intro ****
make all 
Building file: ../src/helloworld.c
Invoking: ARM gcc compiler
arm-xilinx-eabi-gcc -Wall -O0 -g3 -c -fmessage-length=0 -MT"src/helloworld.o" -I../../intro_bsp/ps7_cortexa9_0/include -MMD -MP -MF"src/helloworld.d" -MT"src/helloworld.d" -o "src/helloworld.o" "../src/helloworld.c"
../src/helloworld.c: In function 'main':
../src/helloworld.c:37:8: warning: unused variable 'control' [-Wunused-variable]
    int control;
        ^
Finished building: ../src/helloworld.c
 
Building target: intro.elf
Invoking: ARM gcc linker
arm-xilinx-eabi-gcc -Wl,-T -Wl,../src/lscript.ld -L../../intro_bsp/ps7_cortexa9_0/lib -o "intro.elf"  ./src/helloworld.o ./src/platform.o   -Wl,--start-group,-lxil,-lgcc,-lc,--end-group
Finished building target: intro.elf
 
Invoking: ARM Print Size
arm-xilinx-eabi-size intro.elf  |tee "intro.elf.size"
   text	   data	    bss	    dec	    hex	filename
  24880	   1200	  22580	  48660	   be14	intro.elf
Finished building: intro.elf.size
 
12:10:25 **** Incremental Build of configuration Debug for project intro ****
make all 
make: Nothing to be done for 'all'.
12:11:01 **** Incremental Build of configuration Debug for project intro ****
make all 
make: Nothing to be done for 'all'.
12:13:05 **** Auto Build of configuration Debug for project intro ****
make all 
Building file: ../src/helloworld.c
Invoking: ARM gcc compiler
arm-xilinx-eabi-gcc -Wall -O0 -g3 -c -fmessage-length=0 -MT"src/helloworld.o" -I../../intro_bsp/ps7_cortexa9_0/include -MMD -MP -MF"src/helloworld.d" -MT"src/helloworld.d" -o "src/helloworld.o" "../src/helloworld.c"
../src/helloworld.c: In function 'main':
../src/helloworld.c:81:52: error: expected expression before ')' token
    XGpio_DiscreteWrite(&pmod_output, CTRL_CHANNEL, );
                                                    ^
../src/helloworld.c:38:8: warning: variable 'oe_state' set but not used [-Wunused-but-set-variable]
    int oe_state;
        ^
../src/helloworld.c:37:8: warning: unused variable 'control' [-Wunused-variable]
    int control;
        ^
src/subdir.mk:24: recipe for target 'src/helloworld.o' failed
make: *** [src/helloworld.o] Error 1
12:13:38 **** Auto Build of configuration Debug for project intro ****
make all 
Building file: ../src/helloworld.c
Invoking: ARM gcc compiler
arm-xilinx-eabi-gcc -Wall -O0 -g3 -c -fmessage-length=0 -MT"src/helloworld.o" -I../../intro_bsp/ps7_cortexa9_0/include -MMD -MP -MF"src/helloworld.d" -MT"src/helloworld.d" -o "src/helloworld.o" "../src/helloworld.c"
../src/helloworld.c: In function 'main':
../src/helloworld.c:79:4: warning: implicit declaration of function 'srand' [-Wimplicit-function-declaration]
    srand(0);
    ^
../src/helloworld.c:82:4: warning: implicit declaration of function 'rand' [-Wimplicit-function-declaration]
    XGpio_DiscreteWrite(&pmod_output, CTRL_CHANNEL, rand());
    ^
../src/helloworld.c:38:8: warning: variable 'oe_state' set but not used [-Wunused-but-set-variable]
    int oe_state;
        ^
../src/helloworld.c:37:8: warning: unused variable 'control' [-Wunused-variable]
    int control;
        ^
Finished building: ../src/helloworld.c
 
Building target: intro.elf
Invoking: ARM gcc linker
arm-xilinx-eabi-gcc -Wl,-T -Wl,../src/lscript.ld -L../../intro_bsp/ps7_cortexa9_0/lib -o "intro.elf"  ./src/helloworld.o ./src/platform.o   -Wl,--start-group,-lxil,-lgcc,-lc,--end-group
Finished building target: intro.elf
 
Invoking: ARM Print Size
arm-xilinx-eabi-size intro.elf  |tee "intro.elf.size"
   text	   data	    bss	    dec	    hex	filename
  24944	   1200	  22580	  48724	   be54	intro.elf
Finished building: intro.elf.size
 
12:15:00 **** Incremental Build of configuration Debug for project intro ****
make all 
make: Nothing to be done for 'all'.
12:20:30 **** Auto Build of configuration Debug for project intro ****
make all 
Building file: ../src/helloworld.c
Invoking: ARM gcc compiler
arm-xilinx-eabi-gcc -Wall -O0 -g3 -c -fmessage-length=0 -MT"src/helloworld.o" -I../../intro_bsp/ps7_cortexa9_0/include -MMD -MP -MF"src/helloworld.d" -MT"src/helloworld.d" -o "src/helloworld.o" "../src/helloworld.c"
../src/helloworld.c: In function 'main':
../src/helloworld.c:79:4: warning: implicit declaration of function 'srand' [-Wimplicit-function-declaration]
    srand(0);
    ^
../src/helloworld.c:82:4: warning: implicit declaration of function 'rand' [-Wimplicit-function-declaration]
    XGpio_DiscreteWrite(&pmod_output, CTRL_CHANNEL, rand());
    ^
../src/helloworld.c:38:8: warning: variable 'oe_state' set but not used [-Wunused-but-set-variable]
    int oe_state;
        ^
../src/helloworld.c:37:8: warning: unused variable 'control' [-Wunused-variable]
    int control;
        ^
Finished building: ../src/helloworld.c
 
Building target: intro.elf
Invoking: ARM gcc linker
arm-xilinx-eabi-gcc -Wl,-T -Wl,../src/lscript.ld -L../../intro_bsp/ps7_cortexa9_0/lib -o "intro.elf"  ./src/helloworld.o ./src/platform.o   -Wl,--start-group,-lxil,-lgcc,-lc,--end-group
Finished building target: intro.elf
 
Invoking: ARM Print Size
arm-xilinx-eabi-size intro.elf  |tee "intro.elf.size"
   text	   data	    bss	    dec	    hex	filename
  24944	   1200	  22580	  48724	   be54	intro.elf
Finished building: intro.elf.size
 
12:20:40 **** Incremental Build of configuration Debug for project intro ****
make all 
make: Nothing to be done for 'all'.
12:23:25 **** Auto Build of configuration Debug for project intro ****
make all 
Building file: ../src/helloworld.c
Invoking: ARM gcc compiler
arm-xilinx-eabi-gcc -Wall -O0 -g3 -c -fmessage-length=0 -MT"src/helloworld.o" -I../../intro_bsp/ps7_cortexa9_0/include -MMD -MP -MF"src/helloworld.d" -MT"src/helloworld.d" -o "src/helloworld.o" "../src/helloworld.c"
../src/helloworld.c: In function 'main':
../src/helloworld.c:79:4: warning: implicit declaration of function 'srand' [-Wimplicit-function-declaration]
    srand(0);
    ^
../src/helloworld.c:82:4: warning: implicit declaration of function 'rand' [-Wimplicit-function-declaration]
    XGpio_DiscreteWrite(&pmod_output, CTRL_CHANNEL, rand());
    ^
../src/helloworld.c:38:8: warning: variable 'oe_state' set but not used [-Wunused-but-set-variable]
    int oe_state;
        ^
../src/helloworld.c:37:8: warning: unused variable 'control' [-Wunused-variable]
    int control;
        ^
Finished building: ../src/helloworld.c
 
Building target: intro.elf
Invoking: ARM gcc linker
arm-xilinx-eabi-gcc -Wl,-T -Wl,../src/lscript.ld -L../../intro_bsp/ps7_cortexa9_0/lib -o "intro.elf"  ./src/helloworld.o ./src/platform.o   -Wl,--start-group,-lxil,-lgcc,-lc,--end-group
Finished building target: intro.elf
 
Invoking: ARM Print Size
arm-xilinx-eabi-size intro.elf  |tee "intro.elf.size"
   text	   data	    bss	    dec	    hex	filename
  24940	   1200	  22580	  48720	   be50	intro.elf
Finished building: intro.elf.size
 
12:24:04 **** Incremental Build of configuration Debug for project intro ****
make all 
make: Nothing to be done for 'all'.
12:26:56 **** Auto Build of configuration Debug for project intro ****
make all 
Building file: ../src/helloworld.c
Invoking: ARM gcc compiler
arm-xilinx-eabi-gcc -Wall -O0 -g3 -c -fmessage-length=0 -MT"src/helloworld.o" -I../../intro_bsp/ps7_cortexa9_0/include -MMD -MP -MF"src/helloworld.d" -MT"src/helloworld.d" -o "src/helloworld.o" "../src/helloworld.c"
../src/helloworld.c: In function 'main':
../src/helloworld.c:79:4: warning: implicit declaration of function 'srand' [-Wimplicit-function-declaration]
    srand(0);
    ^
../src/helloworld.c:82:4: warning: implicit declaration of function 'rand' [-Wimplicit-function-declaration]
    XGpio_DiscreteWrite(&pmod_output, CTRL_CHANNEL, rand());
    ^
../src/helloworld.c:38:8: warning: variable 'oe_state' set but not used [-Wunused-but-set-variable]
    int oe_state;
        ^
../src/helloworld.c:37:8: warning: unused variable 'control' [-Wunused-variable]
    int control;
        ^
Finished building: ../src/helloworld.c
 
Building target: intro.elf
Invoking: ARM gcc linker
arm-xilinx-eabi-gcc -Wl,-T -Wl,../src/lscript.ld -L../../intro_bsp/ps7_cortexa9_0/lib -o "intro.elf"  ./src/helloworld.o ./src/platform.o   -Wl,--start-group,-lxil,-lgcc,-lc,--end-group
Finished building target: intro.elf
 
Invoking: ARM Print Size
arm-xilinx-eabi-size intro.elf  |tee "intro.elf.size"
   text	   data	    bss	    dec	    hex	filename
  24940	   1200	  22580	  48720	   be50	intro.elf
Finished building: intro.elf.size
 
12:27:23 **** Incremental Build of configuration Debug for project intro ****
make all 
make: Nothing to be done for 'all'.
12:29:00 **** Auto Build of configuration Debug for project intro ****
make all 
Building file: ../src/helloworld.c
Invoking: ARM gcc compiler
arm-xilinx-eabi-gcc -Wall -O0 -g3 -c -fmessage-length=0 -MT"src/helloworld.o" -I../../intro_bsp/ps7_cortexa9_0/include -MMD -MP -MF"src/helloworld.d" -MT"src/helloworld.d" -o "src/helloworld.o" "../src/helloworld.c"
../src/helloworld.c: In function 'main':
../src/helloworld.c:79:4: warning: implicit declaration of function 'srand' [-Wimplicit-function-declaration]
    srand(0);
    ^
../src/helloworld.c:82:4: warning: implicit declaration of function 'rand' [-Wimplicit-function-declaration]
    XGpio_DiscreteWrite(&pmod_output, CTRL_CHANNEL, rand());
    ^
../src/helloworld.c:38:8: warning: variable 'oe_state' set but not used [-Wunused-but-set-variable]
    int oe_state;
        ^
../src/helloworld.c:37:8: warning: unused variable 'control' [-Wunused-variable]
    int control;
        ^
Finished building: ../src/helloworld.c
 
Building target: intro.elf
Invoking: ARM gcc linker
arm-xilinx-eabi-gcc -Wl,-T -Wl,../src/lscript.ld -L../../intro_bsp/ps7_cortexa9_0/lib -o "intro.elf"  ./src/helloworld.o ./src/platform.o   -Wl,--start-group,-lxil,-lgcc,-lc,--end-group
Finished building target: intro.elf
 
Invoking: ARM Print Size
arm-xilinx-eabi-size intro.elf  |tee "intro.elf.size"
   text	   data	    bss	    dec	    hex	filename
  24968	   1200	  22580	  48748	   be6c	intro.elf
Finished building: intro.elf.size
 
12:29:33 **** Incremental Build of configuration Debug for project intro ****
make all 
make: Nothing to be done for 'all'.
12:29:46 **** Incremental Build of configuration Debug for project intro ****
make all 
make: Nothing to be done for 'all'.
12:30:18 **** Incremental Build of configuration Debug for project intro ****
make all 
make: Nothing to be done for 'all'.
12:31:51 **** Incremental Build of configuration Debug for project intro ****
make all 
make: Nothing to be done for 'all'.
12:32:27 **** Incremental Build of configuration Debug for project intro ****
make all 
make: Nothing to be done for 'all'.
13:30:58 **** Auto Build of configuration Debug for project intro ****
make all 
Building file: ../src/helloworld.c
Invoking: ARM gcc compiler
arm-xilinx-eabi-gcc -Wall -O0 -g3 -c -fmessage-length=0 -MT"src/helloworld.o" -I../../intro_bsp/ps7_cortexa9_0/include -MMD -MP -MF"src/helloworld.d" -MT"src/helloworld.d" -o "src/helloworld.o" "../src/helloworld.c"
../src/helloworld.c: In function 'main':
../src/helloworld.c:38:8: warning: unused variable 'oe_state' [-Wunused-variable]
    int oe_state;
        ^
../src/helloworld.c:37:8: warning: unused variable 'control' [-Wunused-variable]
    int control;
        ^
../src/helloworld.c:35:8: warning: unused variable 'xor_mask' [-Wunused-variable]
    int xor_mask = 0;
        ^
../src/helloworld.c:34:8: warning: variable 'switch_data' set but not used [-Wunused-but-set-variable]
    int switch_data = 0;
        ^
Finished building: ../src/helloworld.c
 
Building target: intro.elf
Invoking: ARM gcc linker
arm-xilinx-eabi-gcc -Wl,-T -Wl,../src/lscript.ld -L../../intro_bsp/ps7_cortexa9_0/lib -o "intro.elf"  ./src/helloworld.o ./src/platform.o   -Wl,--start-group,-lxil,-lgcc,-lc,--end-group
Finished building target: intro.elf
 
Invoking: ARM Print Size
arm-xilinx-eabi-size intro.elf  |tee "intro.elf.size"
   text	   data	    bss	    dec	    hex	filename
  24160	   1200	  22580	  47940	   bb44	intro.elf
Finished building: intro.elf.size
 
13:31:11 **** Auto Build of configuration Debug for project intro ****
make all 
Building file: ../src/helloworld.c
Invoking: ARM gcc compiler
arm-xilinx-eabi-gcc -Wall -O0 -g3 -c -fmessage-length=0 -MT"src/helloworld.o" -I../../intro_bsp/ps7_cortexa9_0/include -MMD -MP -MF"src/helloworld.d" -MT"src/helloworld.d" -o "src/helloworld.o" "../src/helloworld.c"
../src/helloworld.c: In function 'main':
../src/helloworld.c:38:8: warning: unused variable 'oe_state' [-Wunused-variable]
    int oe_state;
        ^
../src/helloworld.c:37:8: warning: unused variable 'control' [-Wunused-variable]
    int control;
        ^
../src/helloworld.c:35:8: warning: unused variable 'xor_mask' [-Wunused-variable]
    int xor_mask = 0;
        ^
../src/helloworld.c:34:8: warning: variable 'switch_data' set but not used [-Wunused-but-set-variable]
    int switch_data = 0;
        ^
Finished building: ../src/helloworld.c
 
Building target: intro.elf
Invoking: ARM gcc linker
arm-xilinx-eabi-gcc -Wl,-T -Wl,../src/lscript.ld -L../../intro_bsp/ps7_cortexa9_0/lib -o "intro.elf"  ./src/helloworld.o ./src/platform.o   -Wl,--start-group,-lxil,-lgcc,-lc,--end-group
Finished building target: intro.elf
 
Invoking: ARM Print Size
arm-xilinx-eabi-size intro.elf  |tee "intro.elf.size"
   text	   data	    bss	    dec	    hex	filename
  24160	   1200	  22580	  47940	   bb44	intro.elf
Finished building: intro.elf.size
 
13:33:06 **** Auto Build of configuration Debug for project intro ****
make all 
Building file: ../src/helloworld.c
Invoking: ARM gcc compiler
arm-xilinx-eabi-gcc -Wall -O0 -g3 -c -fmessage-length=0 -MT"src/helloworld.o" -I../../intro_bsp/ps7_cortexa9_0/include -MMD -MP -MF"src/helloworld.d" -MT"src/helloworld.d" -o "src/helloworld.o" "../src/helloworld.c"
../src/helloworld.c: In function 'main':
../src/helloworld.c:38:8: warning: unused variable 'oe_state' [-Wunused-variable]
    int oe_state;
        ^
../src/helloworld.c:37:8: warning: unused variable 'control' [-Wunused-variable]
    int control;
        ^
../src/helloworld.c:35:8: warning: unused variable 'xor_mask' [-Wunused-variable]
    int xor_mask = 0;
        ^
../src/helloworld.c:34:8: warning: variable 'switch_data' set but not used [-Wunused-but-set-variable]
    int switch_data = 0;
        ^
Finished building: ../src/helloworld.c
 
Building target: intro.elf
Invoking: ARM gcc linker
arm-xilinx-eabi-gcc -Wl,-T -Wl,../src/lscript.ld -L../../intro_bsp/ps7_cortexa9_0/lib -o "intro.elf"  ./src/helloworld.o ./src/platform.o   -Wl,--start-group,-lxil,-lgcc,-lc,--end-group
Finished building target: intro.elf
 
Invoking: ARM Print Size
arm-xilinx-eabi-size intro.elf  |tee "intro.elf.size"
   text	   data	    bss	    dec	    hex	filename
  24248	   1200	  22580	  48028	   bb9c	intro.elf
Finished building: intro.elf.size
 
13:40:26 **** Incremental Build of configuration Debug for project intro ****
make all 
make: Nothing to be done for 'all'.
13:41:00 **** Incremental Build of configuration Debug for project intro ****
make all 
make: Nothing to be done for 'all'.
13:43:30 **** Auto Build of configuration Debug for project intro ****
make all 
Building file: ../src/helloworld.c
Invoking: ARM gcc compiler
arm-xilinx-eabi-gcc -Wall -O0 -g3 -c -fmessage-length=0 -MT"src/helloworld.o" -I../../intro_bsp/ps7_cortexa9_0/include -MMD -MP -MF"src/helloworld.d" -MT"src/helloworld.d" -o "src/helloworld.o" "../src/helloworld.c"
../src/helloworld.c: In function 'main':
../src/helloworld.c:38:8: warning: unused variable 'oe_state' [-Wunused-variable]
    int oe_state;
        ^
../src/helloworld.c:37:8: warning: unused variable 'control' [-Wunused-variable]
    int control;
        ^
../src/helloworld.c:35:8: warning: unused variable 'xor_mask' [-Wunused-variable]
    int xor_mask = 0;
        ^
../src/helloworld.c:34:8: warning: variable 'switch_data' set but not used [-Wunused-but-set-variable]
    int switch_data = 0;
        ^
Finished building: ../src/helloworld.c
 
Building target: intro.elf
Invoking: ARM gcc linker
arm-xilinx-eabi-gcc -Wl,-T -Wl,../src/lscript.ld -L../../intro_bsp/ps7_cortexa9_0/lib -o "intro.elf"  ./src/helloworld.o ./src/platform.o   -Wl,--start-group,-lxil,-lgcc,-lc,--end-group
Finished building target: intro.elf
 
Invoking: ARM Print Size
arm-xilinx-eabi-size intro.elf  |tee "intro.elf.size"
   text	   data	    bss	    dec	    hex	filename
  24136	   1200	  22580	  47916	   bb2c	intro.elf
Finished building: intro.elf.size
 
13:44:18 **** Auto Build of configuration Debug for project intro ****
make all 
Building file: ../src/helloworld.c
Invoking: ARM gcc compiler
arm-xilinx-eabi-gcc -Wall -O0 -g3 -c -fmessage-length=0 -MT"src/helloworld.o" -I../../intro_bsp/ps7_cortexa9_0/include -MMD -MP -MF"src/helloworld.d" -MT"src/helloworld.d" -o "src/helloworld.o" "../src/helloworld.c"
../src/helloworld.c: In function 'main':
../src/helloworld.c:92:7: warning: implicit declaration of function 'rand' [-Wimplicit-function-declaration]
       XGpio_DiscreteWrite(&pmod_output, CTRL_CHANNEL, rand()); //write button data to the LEDs
       ^
../src/helloworld.c:38:8: warning: unused variable 'oe_state' [-Wunused-variable]
    int oe_state;
        ^
../src/helloworld.c:37:8: warning: unused variable 'control' [-Wunused-variable]
    int control;
        ^
../src/helloworld.c:35:8: warning: unused variable 'xor_mask' [-Wunused-variable]
    int xor_mask = 0;
        ^
../src/helloworld.c:34:8: warning: variable 'switch_data' set but not used [-Wunused-but-set-variable]
    int switch_data = 0;
        ^
Finished building: ../src/helloworld.c
 
Building target: intro.elf
Invoking: ARM gcc linker
arm-xilinx-eabi-gcc -Wl,-T -Wl,../src/lscript.ld -L../../intro_bsp/ps7_cortexa9_0/lib -o "intro.elf"  ./src/helloworld.o ./src/platform.o   -Wl,--start-group,-lxil,-lgcc,-lc,--end-group
Finished building target: intro.elf
 
Invoking: ARM Print Size
arm-xilinx-eabi-size intro.elf  |tee "intro.elf.size"
   text	   data	    bss	    dec	    hex	filename
  24264	   1200	  22580	  48044	   bbac	intro.elf
Finished building: intro.elf.size
 
13:44:48 **** Incremental Build of configuration Debug for project intro ****
make all 
make: Nothing to be done for 'all'.
13:46:17 **** Incremental Build of configuration Debug for project intro ****
make all 
make: Nothing to be done for 'all'.
13:47:34 **** Auto Build of configuration Debug for project intro ****
make all 
Building file: ../src/helloworld.c
Invoking: ARM gcc compiler
arm-xilinx-eabi-gcc -Wall -O0 -g3 -c -fmessage-length=0 -MT"src/helloworld.o" -I../../intro_bsp/ps7_cortexa9_0/include -MMD -MP -MF"src/helloworld.d" -MT"src/helloworld.d" -o "src/helloworld.o" "../src/helloworld.c"
../src/helloworld.c: In function 'main':
../src/helloworld.c:38:8: warning: unused variable 'oe_state' [-Wunused-variable]
    int oe_state;
        ^
../src/helloworld.c:37:8: warning: unused variable 'control' [-Wunused-variable]
    int control;
        ^
../src/helloworld.c:35:8: warning: unused variable 'xor_mask' [-Wunused-variable]
    int xor_mask = 0;
        ^
../src/helloworld.c:34:8: warning: variable 'switch_data' set but not used [-Wunused-but-set-variable]
    int switch_data = 0;
        ^
Finished building: ../src/helloworld.c
 
Building target: intro.elf
Invoking: ARM gcc linker
arm-xilinx-eabi-gcc -Wl,-T -Wl,../src/lscript.ld -L../../intro_bsp/ps7_cortexa9_0/lib -o "intro.elf"  ./src/helloworld.o ./src/platform.o   -Wl,--start-group,-lxil,-lgcc,-lc,--end-group
Finished building target: intro.elf
 
Invoking: ARM Print Size
arm-xilinx-eabi-size intro.elf  |tee "intro.elf.size"
   text	   data	    bss	    dec	    hex	filename
  24248	   1200	  22580	  48028	   bb9c	intro.elf
Finished building: intro.elf.size
 
13:48:39 **** Auto Build of configuration Debug for project intro ****
make all 
Building file: ../src/helloworld.c
Invoking: ARM gcc compiler
arm-xilinx-eabi-gcc -Wall -O0 -g3 -c -fmessage-length=0 -MT"src/helloworld.o" -I../../intro_bsp/ps7_cortexa9_0/include -MMD -MP -MF"src/helloworld.d" -MT"src/helloworld.d" -o "src/helloworld.o" "../src/helloworld.c"
../src/helloworld.c: In function 'main':
../src/helloworld.c:92:7: warning: implicit declaration of function 'rand' [-Wimplicit-function-declaration]
       XGpio_DiscreteWrite(&pmod_output, CTRL_CHANNEL, rand() & 0b1110000); //write button data to the LEDs
       ^
../src/helloworld.c:38:8: warning: unused variable 'oe_state' [-Wunused-variable]
    int oe_state;
        ^
../src/helloworld.c:37:8: warning: unused variable 'control' [-Wunused-variable]
    int control;
        ^
../src/helloworld.c:35:8: warning: unused variable 'xor_mask' [-Wunused-variable]
    int xor_mask = 0;
        ^
../src/helloworld.c:34:8: warning: variable 'switch_data' set but not used [-Wunused-but-set-variable]
    int switch_data = 0;
        ^
Finished building: ../src/helloworld.c
 
Building target: intro.elf
Invoking: ARM gcc linker
arm-xilinx-eabi-gcc -Wl,-T -Wl,../src/lscript.ld -L../../intro_bsp/ps7_cortexa9_0/lib -o "intro.elf"  ./src/helloworld.o ./src/platform.o   -Wl,--start-group,-lxil,-lgcc,-lc,--end-group
Finished building target: intro.elf
 
Invoking: ARM Print Size
arm-xilinx-eabi-size intro.elf  |tee "intro.elf.size"
   text	   data	    bss	    dec	    hex	filename
  24268	   1200	  22580	  48048	   bbb0	intro.elf
Finished building: intro.elf.size
 
13:49:15 **** Incremental Build of configuration Debug for project intro ****
make all 
make: Nothing to be done for 'all'.
13:49:25 **** Incremental Build of configuration Debug for project intro ****
make all 
make: Nothing to be done for 'all'.
13:50:59 **** Auto Build of configuration Debug for project intro ****
make all 
Building file: ../src/helloworld.c
Invoking: ARM gcc compiler
arm-xilinx-eabi-gcc -Wall -O0 -g3 -c -fmessage-length=0 -MT"src/helloworld.o" -I../../intro_bsp/ps7_cortexa9_0/include -MMD -MP -MF"src/helloworld.d" -MT"src/helloworld.d" -o "src/helloworld.o" "../src/helloworld.c"
../src/helloworld.c: In function 'main':
../src/helloworld.c:92:7: warning: implicit declaration of function 'rand' [-Wimplicit-function-declaration]
       XGpio_DiscreteWrite(&pmod_output, CTRL_CHANNEL, rand() & 0b0001111); //write button data to the LEDs
       ^
../src/helloworld.c:38:8: warning: unused variable 'oe_state' [-Wunused-variable]
    int oe_state;
        ^
../src/helloworld.c:37:8: warning: unused variable 'control' [-Wunused-variable]
    int control;
        ^
../src/helloworld.c:35:8: warning: unused variable 'xor_mask' [-Wunused-variable]
    int xor_mask = 0;
        ^
../src/helloworld.c:34:8: warning: variable 'switch_data' set but not used [-Wunused-but-set-variable]
    int switch_data = 0;
        ^
Finished building: ../src/helloworld.c
 
Building target: intro.elf
Invoking: ARM gcc linker
arm-xilinx-eabi-gcc -Wl,-T -Wl,../src/lscript.ld -L../../intro_bsp/ps7_cortexa9_0/lib -o "intro.elf"  ./src/helloworld.o ./src/platform.o   -Wl,--start-group,-lxil,-lgcc,-lc,--end-group
Finished building target: intro.elf
 
Invoking: ARM Print Size
arm-xilinx-eabi-size intro.elf  |tee "intro.elf.size"
   text	   data	    bss	    dec	    hex	filename
  24268	   1200	  22580	  48048	   bbb0	intro.elf
Finished building: intro.elf.size
 
13:51:25 **** Incremental Build of configuration Debug for project intro ****
make all 
make: Nothing to be done for 'all'.
13:51:34 **** Incremental Build of configuration Debug for project intro ****
make all 
make: Nothing to be done for 'all'.
13:55:06 **** Incremental Build of configuration Debug for project intro ****
make all 
make: Nothing to be done for 'all'.
13:57:56 **** Auto Build of configuration Debug for project intro ****
make all 
Building file: ../src/helloworld.c
Invoking: ARM gcc compiler
arm-xilinx-eabi-gcc -Wall -O0 -g3 -c -fmessage-length=0 -MT"src/helloworld.o" -I../../intro_bsp/ps7_cortexa9_0/include -MMD -MP -MF"src/helloworld.d" -MT"src/helloworld.d" -o "src/helloworld.o" "../src/helloworld.c"
../src/helloworld.c: In function 'main':
../src/helloworld.c:92:7: warning: implicit declaration of function 'rand' [-Wimplicit-function-declaration]
       XGpio_DiscreteWrite(&pmod_output, CTRL_CHANNEL, rand() & 0b0000111); //write button data to the LEDs
       ^
../src/helloworld.c:38:8: warning: unused variable 'oe_state' [-Wunused-variable]
    int oe_state;
        ^
../src/helloworld.c:37:8: warning: unused variable 'control' [-Wunused-variable]
    int control;
        ^
../src/helloworld.c:35:8: warning: unused variable 'xor_mask' [-Wunused-variable]
    int xor_mask = 0;
        ^
../src/helloworld.c:34:8: warning: variable 'switch_data' set but not used [-Wunused-but-set-variable]
    int switch_data = 0;
        ^
Finished building: ../src/helloworld.c
 
Building target: intro.elf
Invoking: ARM gcc linker
arm-xilinx-eabi-gcc -Wl,-T -Wl,../src/lscript.ld -L../../intro_bsp/ps7_cortexa9_0/lib -o "intro.elf"  ./src/helloworld.o ./src/platform.o   -Wl,--start-group,-lxil,-lgcc,-lc,--end-group
Finished building target: intro.elf
 
Invoking: ARM Print Size
arm-xilinx-eabi-size intro.elf  |tee "intro.elf.size"
   text	   data	    bss	    dec	    hex	filename
  24268	   1200	  22580	  48048	   bbb0	intro.elf
Finished building: intro.elf.size
 
13:58:37 **** Incremental Build of configuration Debug for project intro ****
make all 
make: Nothing to be done for 'all'.
13:58:45 **** Incremental Build of configuration Debug for project intro ****
make all 
make: Nothing to be done for 'all'.
14:46:47 **** Auto Build of configuration Debug for project intro ****
make all 
Building file: ../src/helloworld.c
Invoking: ARM gcc compiler
arm-xilinx-eabi-gcc -Wall -O0 -g3 -c -fmessage-length=0 -MT"src/helloworld.o" -I../../intro_bsp/ps7_cortexa9_0/include -MMD -MP -MF"src/helloworld.d" -MT"src/helloworld.d" -o "src/helloworld.o" "../src/helloworld.c"
../src/helloworld.c: In function 'main':
../src/helloworld.c:92:7: warning: implicit declaration of function 'rand' [-Wimplicit-function-declaration]
       XGpio_DiscreteWrite(&pmod_output, CTRL_CHANNEL, rand() & 0b0000111); //write button data to the LEDs
       ^
../src/helloworld.c:38:8: warning: unused variable 'oe_state' [-Wunused-variable]
    int oe_state;
        ^
../src/helloworld.c:37:8: warning: unused variable 'control' [-Wunused-variable]
    int control;
        ^
../src/helloworld.c:35:8: warning: unused variable 'xor_mask' [-Wunused-variable]
    int xor_mask = 0;
        ^
../src/helloworld.c:34:8: warning: variable 'switch_data' set but not used [-Wunused-but-set-variable]
    int switch_data = 0;
        ^
Finished building: ../src/helloworld.c
 
Building target: intro.elf
Invoking: ARM gcc linker
arm-xilinx-eabi-gcc -Wl,-T -Wl,../src/lscript.ld -L../../intro_bsp/ps7_cortexa9_0/lib -o "intro.elf"  ./src/helloworld.o ./src/platform.o   -Wl,--start-group,-lxil,-lgcc,-lc,--end-group
Finished building target: intro.elf
 
Invoking: ARM Print Size
arm-xilinx-eabi-size intro.elf  |tee "intro.elf.size"
   text	   data	    bss	    dec	    hex	filename
  24268	   1200	  22580	  48048	   bbb0	intro.elf
Finished building: intro.elf.size
 
14:47:10 **** Auto Build of configuration Debug for project intro ****
make all 
Building file: ../src/helloworld.c
Invoking: ARM gcc compiler
arm-xilinx-eabi-gcc -Wall -O0 -g3 -c -fmessage-length=0 -MT"src/helloworld.o" -I../../intro_bsp/ps7_cortexa9_0/include -MMD -MP -MF"src/helloworld.d" -MT"src/helloworld.d" -o "src/helloworld.o" "../src/helloworld.c"
../src/helloworld.c: In function 'main':
../src/helloworld.c:92:7: warning: implicit declaration of function 'rand' [-Wimplicit-function-declaration]
       XGpio_DiscreteWrite(&pmod_output, CTRL_CHANNEL, rand() & 0b0000111 | OE); //write button data to the LEDs
       ^
../src/helloworld.c:92:62: warning: suggest parentheses around arithmetic in operand of '|' [-Wparentheses]
       XGpio_DiscreteWrite(&pmod_output, CTRL_CHANNEL, rand() & 0b0000111 | OE); //write button data to the LEDs
                                                              ^
../src/helloworld.c:38:8: warning: unused variable 'oe_state' [-Wunused-variable]
    int oe_state;
        ^
../src/helloworld.c:37:8: warning: unused variable 'control' [-Wunused-variable]
    int control;
        ^
../src/helloworld.c:35:8: warning: unused variable 'xor_mask' [-Wunused-variable]
    int xor_mask = 0;
        ^
../src/helloworld.c:34:8: warning: variable 'switch_data' set but not used [-Wunused-but-set-variable]
    int switch_data = 0;
        ^
Finished building: ../src/helloworld.c
 
Building target: intro.elf
Invoking: ARM gcc linker
arm-xilinx-eabi-gcc -Wl,-T -Wl,../src/lscript.ld -L../../intro_bsp/ps7_cortexa9_0/lib -o "intro.elf"  ./src/helloworld.o ./src/platform.o   -Wl,--start-group,-lxil,-lgcc,-lc,--end-group
Finished building target: intro.elf
 
Invoking: ARM Print Size
arm-xilinx-eabi-size intro.elf  |tee "intro.elf.size"
   text	   data	    bss	    dec	    hex	filename
  24272	   1200	  22580	  48052	   bbb4	intro.elf
Finished building: intro.elf.size
 
14:47:45 **** Incremental Build of configuration Debug for project intro ****
make all 
make: Nothing to be done for 'all'.
14:48:21 **** Incremental Build of configuration Debug for project intro ****
make all 
make: Nothing to be done for 'all'.
14:50:03 **** Incremental Build of configuration Debug for project intro ****
make all 
make: Nothing to be done for 'all'.
14:51:44 **** Auto Build of configuration Debug for project intro ****
make all 
Building file: ../src/helloworld.c
Invoking: ARM gcc compiler
arm-xilinx-eabi-gcc -Wall -O0 -g3 -c -fmessage-length=0 -MT"src/helloworld.o" -I../../intro_bsp/ps7_cortexa9_0/include -MMD -MP -MF"src/helloworld.d" -MT"src/helloworld.d" -o "src/helloworld.o" "../src/helloworld.c"
../src/helloworld.c: In function 'main':
../src/helloworld.c:38:8: warning: unused variable 'oe_state' [-Wunused-variable]
    int oe_state;
        ^
../src/helloworld.c:37:8: warning: unused variable 'control' [-Wunused-variable]
    int control;
        ^
../src/helloworld.c:35:8: warning: unused variable 'xor_mask' [-Wunused-variable]
    int xor_mask = 0;
        ^
../src/helloworld.c:34:8: warning: variable 'switch_data' set but not used [-Wunused-but-set-variable]
    int switch_data = 0;
        ^
Finished building: ../src/helloworld.c
 
Building target: intro.elf
Invoking: ARM gcc linker
arm-xilinx-eabi-gcc -Wl,-T -Wl,../src/lscript.ld -L../../intro_bsp/ps7_cortexa9_0/lib -o "intro.elf"  ./src/helloworld.o ./src/platform.o   -Wl,--start-group,-lxil,-lgcc,-lc,--end-group
Finished building target: intro.elf
 
Invoking: ARM Print Size
arm-xilinx-eabi-size intro.elf  |tee "intro.elf.size"
   text	   data	    bss	    dec	    hex	filename
  24176	   1200	  22580	  47956	   bb54	intro.elf
Finished building: intro.elf.size
 
14:52:15 **** Incremental Build of configuration Debug for project intro ****
make all 
make: Nothing to be done for 'all'.
14:52:24 **** Incremental Build of configuration Debug for project intro ****
make all 
make: Nothing to be done for 'all'.
14:53:50 **** Auto Build of configuration Debug for project intro ****
make all 
Building file: ../src/helloworld.c
Invoking: ARM gcc compiler
arm-xilinx-eabi-gcc -Wall -O0 -g3 -c -fmessage-length=0 -MT"src/helloworld.o" -I../../intro_bsp/ps7_cortexa9_0/include -MMD -MP -MF"src/helloworld.d" -MT"src/helloworld.d" -o "src/helloworld.o" "../src/helloworld.c"
../src/helloworld.c: In function 'main':
../src/helloworld.c:38:8: warning: unused variable 'BLANK_state' [-Wunused-variable]
    int BLANK_state;
        ^
../src/helloworld.c:37:8: warning: unused variable 'control' [-Wunused-variable]
    int control;
        ^
../src/helloworld.c:35:8: warning: unused variable 'xor_mask' [-Wunused-variable]
    int xor_mask = 0;
        ^
../src/helloworld.c:34:8: warning: variable 'switch_data' set but not used [-Wunused-but-set-variable]
    int switch_data = 0;
        ^
Finished building: ../src/helloworld.c
 
Building target: intro.elf
Invoking: ARM gcc linker
arm-xilinx-eabi-gcc -Wl,-T -Wl,../src/lscript.ld -L../../intro_bsp/ps7_cortexa9_0/lib -o "intro.elf"  ./src/helloworld.o ./src/platform.o   -Wl,--start-group,-lxil,-lgcc,-lc,--end-group
Finished building target: intro.elf
 
Invoking: ARM Print Size
arm-xilinx-eabi-size intro.elf  |tee "intro.elf.size"
   text	   data	    bss	    dec	    hex	filename
  24176	   1200	  22580	  47956	   bb54	intro.elf
Finished building: intro.elf.size
 
14:55:21 **** Auto Build of configuration Debug for project intro ****
make all 
Building file: ../src/helloworld.c
Invoking: ARM gcc compiler
arm-xilinx-eabi-gcc -Wall -O0 -g3 -c -fmessage-length=0 -MT"src/helloworld.o" -I../../intro_bsp/ps7_cortexa9_0/include -MMD -MP -MF"src/helloworld.d" -MT"src/helloworld.d" -o "src/helloworld.o" "../src/helloworld.c"
../src/helloworld.c: In function 'main':
../src/helloworld.c:95:7: warning: implicit declaration of function 'rand' [-Wimplicit-function-declaration]
       XGpio_DiscreteWrite(&pmod_output, CTRL_CHANNEL, (rand() & 0b1) ? BLANK : 0); //write button data to the LEDs
       ^
../src/helloworld.c:38:8: warning: unused variable 'BLANK_state' [-Wunused-variable]
    int BLANK_state;
        ^
../src/helloworld.c:37:8: warning: unused variable 'control' [-Wunused-variable]
    int control;
        ^
../src/helloworld.c:35:8: warning: unused variable 'xor_mask' [-Wunused-variable]
    int xor_mask = 0;
        ^
../src/helloworld.c:34:8: warning: variable 'switch_data' set but not used [-Wunused-but-set-variable]
    int switch_data = 0;
        ^
Finished building: ../src/helloworld.c
 
Building target: intro.elf
Invoking: ARM gcc linker
arm-xilinx-eabi-gcc -Wl,-T -Wl,../src/lscript.ld -L../../intro_bsp/ps7_cortexa9_0/lib -o "intro.elf"  ./src/helloworld.o ./src/platform.o   -Wl,--start-group,-lxil,-lgcc,-lc,--end-group
Finished building target: intro.elf
 
Invoking: ARM Print Size
arm-xilinx-eabi-size intro.elf  |tee "intro.elf.size"
   text	   data	    bss	    dec	    hex	filename
  24328	   1200	  22580	  48108	   bbec	intro.elf
Finished building: intro.elf.size
 
14:56:06 **** Incremental Build of configuration Debug for project intro ****
make all 
make: Nothing to be done for 'all'.
14:56:15 **** Incremental Build of configuration Debug for project intro ****
make all 
make: Nothing to be done for 'all'.
14:58:31 **** Auto Build of configuration Debug for project intro ****
make all 
Building file: ../src/helloworld.c
Invoking: ARM gcc compiler
arm-xilinx-eabi-gcc -Wall -O0 -g3 -c -fmessage-length=0 -MT"src/helloworld.o" -I../../intro_bsp/ps7_cortexa9_0/include -MMD -MP -MF"src/helloworld.d" -MT"src/helloworld.d" -o "src/helloworld.o" "../src/helloworld.c"
../src/helloworld.c: In function 'main':
../src/helloworld.c:95:7: warning: implicit declaration of function 'rand' [-Wimplicit-function-declaration]
       XGpio_DiscreteWrite(&pmod_output, CTRL_CHANNEL, (rand() & 0b1) ? CLK : 0); //write button data to the LEDs
       ^
../src/helloworld.c:38:8: warning: unused variable 'BLANK_state' [-Wunused-variable]
    int BLANK_state;
        ^
../src/helloworld.c:37:8: warning: unused variable 'control' [-Wunused-variable]
    int control;
        ^
../src/helloworld.c:35:8: warning: unused variable 'xor_mask' [-Wunused-variable]
    int xor_mask = 0;
        ^
../src/helloworld.c:34:8: warning: variable 'switch_data' set but not used [-Wunused-but-set-variable]
    int switch_data = 0;
        ^
Finished building: ../src/helloworld.c
 
Building target: intro.elf
Invoking: ARM gcc linker
arm-xilinx-eabi-gcc -Wl,-T -Wl,../src/lscript.ld -L../../intro_bsp/ps7_cortexa9_0/lib -o "intro.elf"  ./src/helloworld.o ./src/platform.o   -Wl,--start-group,-lxil,-lgcc,-lc,--end-group
Finished building target: intro.elf
 
Invoking: ARM Print Size
arm-xilinx-eabi-size intro.elf  |tee "intro.elf.size"
   text	   data	    bss	    dec	    hex	filename
  24328	   1200	  22580	  48108	   bbec	intro.elf
Finished building: intro.elf.size
 
14:59:02 **** Incremental Build of configuration Debug for project intro ****
make all 
make: Nothing to be done for 'all'.
14:59:09 **** Incremental Build of configuration Debug for project intro ****
make all 
make: Nothing to be done for 'all'.
15:01:59 **** Auto Build of configuration Debug for project intro ****
make all 
Building file: ../src/helloworld.c
Invoking: ARM gcc compiler
arm-xilinx-eabi-gcc -Wall -O0 -g3 -c -fmessage-length=0 -MT"src/helloworld.o" -I../../intro_bsp/ps7_cortexa9_0/include -MMD -MP -MF"src/helloworld.d" -MT"src/helloworld.d" -o "src/helloworld.o" "../src/helloworld.c"
../src/helloworld.c: In function 'main':
../src/helloworld.c:96:7: warning: implicit declaration of function 'rand' [-Wimplicit-function-declaration]
       XGpio_DiscreteWrite(&pmod_output, CTRL_CHANNEL, (rand() & 0b1) ? CLK : 0); //write button data to the LEDs
       ^
../src/helloworld.c:39:8: warning: unused variable 'address' [-Wunused-variable]
    int address;
        ^
../src/helloworld.c:38:8: warning: unused variable 'BLANK_state' [-Wunused-variable]
    int BLANK_state;
        ^
../src/helloworld.c:37:8: warning: unused variable 'control' [-Wunused-variable]
    int control;
        ^
../src/helloworld.c:35:8: warning: unused variable 'xor_mask' [-Wunused-variable]
    int xor_mask = 0;
        ^
../src/helloworld.c:34:8: warning: variable 'switch_data' set but not used [-Wunused-but-set-variable]
    int switch_data = 0;
        ^
Finished building: ../src/helloworld.c
 
Building target: intro.elf
Invoking: ARM gcc linker
arm-xilinx-eabi-gcc -Wl,-T -Wl,../src/lscript.ld -L../../intro_bsp/ps7_cortexa9_0/lib -o "intro.elf"  ./src/helloworld.o ./src/platform.o   -Wl,--start-group,-lxil,-lgcc,-lc,--end-group
Finished building target: intro.elf
 
Invoking: ARM Print Size
arm-xilinx-eabi-size intro.elf  |tee "intro.elf.size"
   text	   data	    bss	    dec	    hex	filename
  24328	   1200	  22580	  48108	   bbec	intro.elf
Finished building: intro.elf.size
 
15:03:05 **** Auto Build of configuration Debug for project intro ****
make all 
Building file: ../src/helloworld.c
Invoking: ARM gcc compiler
arm-xilinx-eabi-gcc -Wall -O0 -g3 -c -fmessage-length=0 -MT"src/helloworld.o" -I../../intro_bsp/ps7_cortexa9_0/include -MMD -MP -MF"src/helloworld.d" -MT"src/helloworld.d" -o "src/helloworld.o" "../src/helloworld.c"
../src/helloworld.c: In function 'main':
../src/helloworld.c:38:8: warning: unused variable 'BLANK_state' [-Wunused-variable]
    int BLANK_state;
        ^
../src/helloworld.c:37:8: warning: unused variable 'control' [-Wunused-variable]
    int control;
        ^
../src/helloworld.c:35:8: warning: unused variable 'xor_mask' [-Wunused-variable]
    int xor_mask = 0;
        ^
../src/helloworld.c:34:8: warning: variable 'switch_data' set but not used [-Wunused-but-set-variable]
    int switch_data = 0;
        ^
Finished building: ../src/helloworld.c
 
Building target: intro.elf
Invoking: ARM gcc linker
arm-xilinx-eabi-gcc -Wl,-T -Wl,../src/lscript.ld -L../../intro_bsp/ps7_cortexa9_0/lib -o "intro.elf"  ./src/helloworld.o ./src/platform.o   -Wl,--start-group,-lxil,-lgcc,-lc,--end-group
Finished building target: intro.elf
 
Invoking: ARM Print Size
arm-xilinx-eabi-size intro.elf  |tee "intro.elf.size"
   text	   data	    bss	    dec	    hex	filename
  24208	   1200	  22580	  47988	   bb74	intro.elf
Finished building: intro.elf.size
 
15:03:39 **** Auto Build of configuration Debug for project intro ****
make all 
Building file: ../src/helloworld.c
Invoking: ARM gcc compiler
arm-xilinx-eabi-gcc -Wall -O0 -g3 -c -fmessage-length=0 -MT"src/helloworld.o" -I../../intro_bsp/ps7_cortexa9_0/include -MMD -MP -MF"src/helloworld.d" -MT"src/helloworld.d" -o "src/helloworld.o" "../src/helloworld.c"
../src/helloworld.c: In function 'main':
../src/helloworld.c:97:15: warning: operation on 'address' may be undefined [-Wsequence-point]
       address = ++address % 16;
               ^
../src/helloworld.c:38:8: warning: unused variable 'BLANK_state' [-Wunused-variable]
    int BLANK_state;
        ^
../src/helloworld.c:37:8: warning: unused variable 'control' [-Wunused-variable]
    int control;
        ^
../src/helloworld.c:35:8: warning: unused variable 'xor_mask' [-Wunused-variable]
    int xor_mask = 0;
        ^
../src/helloworld.c:34:8: warning: variable 'switch_data' set but not used [-Wunused-but-set-variable]
    int switch_data = 0;
        ^
Finished building: ../src/helloworld.c
 
Building target: intro.elf
Invoking: ARM gcc linker
arm-xilinx-eabi-gcc -Wl,-T -Wl,../src/lscript.ld -L../../intro_bsp/ps7_cortexa9_0/lib -o "intro.elf"  ./src/helloworld.o ./src/platform.o   -Wl,--start-group,-lxil,-lgcc,-lc,--end-group
Finished building target: intro.elf
 
Invoking: ARM Print Size
arm-xilinx-eabi-size intro.elf  |tee "intro.elf.size"
   text	   data	    bss	    dec	    hex	filename
  24248	   1200	  22580	  48028	   bb9c	intro.elf
Finished building: intro.elf.size
 
15:04:12 **** Incremental Build of configuration Debug for project intro ****
make all 
make: Nothing to be done for 'all'.
15:04:19 **** Incremental Build of configuration Debug for project intro ****
make all 
make: Nothing to be done for 'all'.
15:05:38 **** Auto Build of configuration Debug for project intro ****
make all 
Building file: ../src/helloworld.c
Invoking: ARM gcc compiler
arm-xilinx-eabi-gcc -Wall -O0 -g3 -c -fmessage-length=0 -MT"src/helloworld.o" -I../../intro_bsp/ps7_cortexa9_0/include -MMD -MP -MF"src/helloworld.d" -MT"src/helloworld.d" -o "src/helloworld.o" "../src/helloworld.c"
../src/helloworld.c: In function 'main':
../src/helloworld.c:97:15: warning: operation on 'address' may be undefined [-Wsequence-point]
       address = ++address % 16;
               ^
../src/helloworld.c:38:8: warning: unused variable 'BLANK_state' [-Wunused-variable]
    int BLANK_state;
        ^
../src/helloworld.c:37:8: warning: unused variable 'control' [-Wunused-variable]
    int control;
        ^
../src/helloworld.c:35:8: warning: unused variable 'xor_mask' [-Wunused-variable]
    int xor_mask = 0;
        ^
../src/helloworld.c:34:8: warning: variable 'switch_data' set but not used [-Wunused-but-set-variable]
    int switch_data = 0;
        ^
Finished building: ../src/helloworld.c
 
Building target: intro.elf
Invoking: ARM gcc linker
arm-xilinx-eabi-gcc -Wl,-T -Wl,../src/lscript.ld -L../../intro_bsp/ps7_cortexa9_0/lib -o "intro.elf"  ./src/helloworld.o ./src/platform.o   -Wl,--start-group,-lxil,-lgcc,-lc,--end-group
Finished building target: intro.elf
 
Invoking: ARM Print Size
arm-xilinx-eabi-size intro.elf  |tee "intro.elf.size"
   text	   data	    bss	    dec	    hex	filename
  24252	   1200	  22580	  48032	   bba0	intro.elf
Finished building: intro.elf.size
 
15:06:07 **** Incremental Build of configuration Debug for project intro ****
make all 
make: Nothing to be done for 'all'.
15:06:17 **** Incremental Build of configuration Debug for project intro ****
make all 
make: Nothing to be done for 'all'.
15:08:18 **** Auto Build of configuration Debug for project intro ****
make all 
Building file: ../src/helloworld.c
Invoking: ARM gcc compiler
arm-xilinx-eabi-gcc -Wall -O0 -g3 -c -fmessage-length=0 -MT"src/helloworld.o" -I../../intro_bsp/ps7_cortexa9_0/include -MMD -MP -MF"src/helloworld.d" -MT"src/helloworld.d" -o "src/helloworld.o" "../src/helloworld.c"
../src/helloworld.c: In function 'main':
../src/helloworld.c:98:15: warning: operation on 'address' may be undefined [-Wsequence-point]
       address = ++address % 16;
               ^
../src/helloworld.c:38:8: warning: unused variable 'BLANK_state' [-Wunused-variable]
    int BLANK_state;
        ^
../src/helloworld.c:37:8: warning: unused variable 'control' [-Wunused-variable]
    int control;
        ^
../src/helloworld.c:35:8: warning: unused variable 'xor_mask' [-Wunused-variable]
    int xor_mask = 0;
        ^
../src/helloworld.c:34:8: warning: variable 'switch_data' set but not used [-Wunused-but-set-variable]
    int switch_data = 0;
        ^
Finished building: ../src/helloworld.c
 
Building target: intro.elf
Invoking: ARM gcc linker
arm-xilinx-eabi-gcc -Wl,-T -Wl,../src/lscript.ld -L../../intro_bsp/ps7_cortexa9_0/lib -o "intro.elf"  ./src/helloworld.o ./src/platform.o   -Wl,--start-group,-lxil,-lgcc,-lc,--end-group
Finished building target: intro.elf
 
Invoking: ARM Print Size
arm-xilinx-eabi-size intro.elf  |tee "intro.elf.size"
   text	   data	    bss	    dec	    hex	filename
  24276	   1200	  22580	  48056	   bbb8	intro.elf
Finished building: intro.elf.size
 
15:08:28 **** Auto Build of configuration Debug for project intro ****
make all 
Building file: ../src/helloworld.c
Invoking: ARM gcc compiler
arm-xilinx-eabi-gcc -Wall -O0 -g3 -c -fmessage-length=0 -MT"src/helloworld.o" -I../../intro_bsp/ps7_cortexa9_0/include -MMD -MP -MF"src/helloworld.d" -MT"src/helloworld.d" -o "src/helloworld.o" "../src/helloworld.c"
../src/helloworld.c: In function 'main':
../src/helloworld.c:99:15: warning: operation on 'address' may be undefined [-Wsequence-point]
       address = ++address % 16;
               ^
../src/helloworld.c:38:8: warning: unused variable 'BLANK_state' [-Wunused-variable]
    int BLANK_state;
        ^
../src/helloworld.c:37:8: warning: unused variable 'control' [-Wunused-variable]
    int control;
        ^
../src/helloworld.c:35:8: warning: unused variable 'xor_mask' [-Wunused-variable]
    int xor_mask = 0;
        ^
../src/helloworld.c:34:8: warning: variable 'switch_data' set but not used [-Wunused-but-set-variable]
    int switch_data = 0;
        ^
Finished building: ../src/helloworld.c
 
Building target: intro.elf
Invoking: ARM gcc linker
arm-xilinx-eabi-gcc -Wl,-T -Wl,../src/lscript.ld -L../../intro_bsp/ps7_cortexa9_0/lib -o "intro.elf"  ./src/helloworld.o ./src/platform.o   -Wl,--start-group,-lxil,-lgcc,-lc,--end-group
Finished building target: intro.elf
 
Invoking: ARM Print Size
arm-xilinx-eabi-size intro.elf  |tee "intro.elf.size"
   text	   data	    bss	    dec	    hex	filename
  24284	   1200	  22580	  48064	   bbc0	intro.elf
Finished building: intro.elf.size
 
15:09:15 **** Auto Build of configuration Debug for project intro ****
make all 
Building file: ../src/helloworld.c
Invoking: ARM gcc compiler
[...]
Finished building target: intro.elf
 
Invoking: ARM Print Size
arm-xilinx-eabi-size intro.elf  |tee "intro.elf.size"
   text	   data	    bss	    dec	    hex	filename
  25500	  16560	  22580	  64640	   fc80	intro.elf
Finished building: intro.elf.size
 
12:50:11 **** Incremental Build of configuration Debug for project intro ****
make all 
make: Nothing to be done for 'all'.
12:50:18 **** Incremental Build of configuration Debug for project intro ****
make all 
make: Nothing to be done for 'all'.
12:52:11 **** Auto Build of configuration Debug for project intro ****
make all 
Building file: ../src/helloworld.c
Invoking: ARM gcc compiler
arm-xilinx-eabi-gcc -Wall -O0 -g3 -c -fmessage-length=0 -MT"src/helloworld.o" -I../../intro_bsp/ps7_cortexa9_0/include -MMD -MP -MF"src/helloworld.d" -MT"src/helloworld.d" -o "src/helloworld.o" "../src/helloworld.c"
../src/helloworld.c:54:1: warning: missing braces around initializer [-Wmissing-braces]
 char buffer[32][128][3] = { 0, 0, 255, 0, 0, 255, 0, 0, 255, 255, 255, 255, 244, 244, 255, 46,
 ^
../src/helloworld.c:54:1: warning: (near initialization for 'buffer[0]') [-Wmissing-braces]
../src/helloworld.c:758:1: warning: missing braces around initializer [-Wmissing-braces]
 char small_g[32][32][3] = { 0, 109, 182, 0, 109, 182, 0, 109, 182, 0, 109, 182, 0, 109, 182, 0, 109, 182, 0, 109, 182, 0, 109, 182, 0, 109, 182, 0, 109, 182, 0, 109, 182, 0, 109, 182, 0, 109, 182, 0, 109, 182, 0, 109, 182, 0, 109, 182, 0, 109, 182, 0, 109, 182, 0, 109, 182, 0, 109, 182, 0, 109, 182, 0, 109, 182, 0, 109, 182, 0, 109, 182, 0, 109, 182, 0, 109, 182, 0, 109, 182, 0, 109, 182, 0, 109, 182, 0, 109, 182, 0, 109, 182, 0, 109, 182,
 ^
../src/helloworld.c:758:1: warning: (near initialization for 'small_g[0]') [-Wmissing-braces]
../src/helloworld.c: In function 'main':
../src/helloworld.c:811:8: warning: unused variable 'init_count' [-Wunused-variable]
    int init_count = 16;
        ^
../src/helloworld.c:810:8: warning: unused variable 'clk_counter' [-Wunused-variable]
    int clk_counter = 0;
        ^
../src/helloworld.c:808:8: warning: unused variable 'BLANK_state' [-Wunused-variable]
    int BLANK_state;
        ^
../src/helloworld.c:807:8: warning: unused variable 'control' [-Wunused-variable]
    int control;
        ^
../src/helloworld.c:805:8: warning: unused variable 'xor_mask' [-Wunused-variable]
    int xor_mask = 0;
        ^
../src/helloworld.c:804:8: warning: variable 'switch_data' set but not used [-Wunused-but-set-variable]
    int switch_data = 0;
        ^
Finished building: ../src/helloworld.c
 
Building target: intro.elf
Invoking: ARM gcc linker
arm-xilinx-eabi-gcc -Wl,-T -Wl,../src/lscript.ld -L../../intro_bsp/ps7_cortexa9_0/lib -o "intro.elf"  ./src/helloworld.o ./src/platform.o   -Wl,--start-group,-lxil,-lgcc,-lc,--end-group
Finished building target: intro.elf
 
Invoking: ARM Print Size
arm-xilinx-eabi-size intro.elf  |tee "intro.elf.size"
   text	   data	    bss	    dec	    hex	filename
  25536	  16560	  22580	  64676	   fca4	intro.elf
Finished building: intro.elf.size
 
12:53:55 **** Auto Build of configuration Debug for project intro ****
make all 
Building file: ../src/helloworld.c
Invoking: ARM gcc compiler
arm-xilinx-eabi-gcc -Wall -O0 -g3 -c -fmessage-length=0 -MT"src/helloworld.o" -I../../intro_bsp/ps7_cortexa9_0/include -MMD -MP -MF"src/helloworld.d" -MT"src/helloworld.d" -o "src/helloworld.o" "../src/helloworld.c"
../src/helloworld.c:54:1: warning: missing braces around initializer [-Wmissing-braces]
 char buffer[32][128][3] = { 0, 0, 255, 0, 0, 255, 0, 0, 255, 255, 255, 255, 244, 244, 255, 46,
 ^
../src/helloworld.c:54:1: warning: (near initialization for 'buffer[0]') [-Wmissing-braces]
../src/helloworld.c:758:1: warning: missing braces around initializer [-Wmissing-braces]
 char small_g[32][32][3] = { 0, 109, 182, 0, 109, 182, 0, 109, 182, 0, 109, 182, 0, 109, 182, 0, 109, 182, 0, 109, 182, 0, 109, 182, 0, 109, 182, 0, 109, 182, 0, 109, 182, 0, 109, 182, 0, 109, 182, 0, 109, 182, 0, 109, 182, 0, 109, 182, 0, 109, 182, 0, 109, 182, 0, 109, 182, 0, 109, 182, 0, 109, 182, 0, 109, 182, 0, 109, 182, 0, 109, 182, 0, 109, 182, 0, 109, 182, 0, 109, 182, 0, 109, 182, 0, 109, 182, 0, 109, 182, 0, 109, 182, 0, 109, 182,
 ^
../src/helloworld.c:758:1: warning: (near initialization for 'small_g[0]') [-Wmissing-braces]
../src/helloworld.c: In function 'main':
../src/helloworld.c:811:8: warning: unused variable 'init_count' [-Wunused-variable]
    int init_count = 16;
        ^
../src/helloworld.c:810:8: warning: unused variable 'clk_counter' [-Wunused-variable]
    int clk_counter = 0;
        ^
../src/helloworld.c:808:8: warning: unused variable 'BLANK_state' [-Wunused-variable]
    int BLANK_state;
        ^
../src/helloworld.c:807:8: warning: unused variable 'control' [-Wunused-variable]
    int control;
        ^
../src/helloworld.c:805:8: warning: unused variable 'xor_mask' [-Wunused-variable]
    int xor_mask = 0;
        ^
../src/helloworld.c:804:8: warning: variable 'switch_data' set but not used [-Wunused-but-set-variable]
    int switch_data = 0;
        ^
Finished building: ../src/helloworld.c
 
Building target: intro.elf
Invoking: ARM gcc linker
arm-xilinx-eabi-gcc -Wl,-T -Wl,../src/lscript.ld -L../../intro_bsp/ps7_cortexa9_0/lib -o "intro.elf"  ./src/helloworld.o ./src/platform.o   -Wl,--start-group,-lxil,-lgcc,-lc,--end-group
Finished building target: intro.elf
 
Invoking: ARM Print Size
arm-xilinx-eabi-size intro.elf  |tee "intro.elf.size"
   text	   data	    bss	    dec	    hex	filename
  25604	  16560	  22580	  64744	   fce8	intro.elf
Finished building: intro.elf.size
 
12:54:22 **** Auto Build of configuration Debug for project intro ****
make all 
Building file: ../src/helloworld.c
Invoking: ARM gcc compiler
arm-xilinx-eabi-gcc -Wall -O0 -g3 -c -fmessage-length=0 -MT"src/helloworld.o" -I../../intro_bsp/ps7_cortexa9_0/include -MMD -MP -MF"src/helloworld.d" -MT"src/helloworld.d" -o "src/helloworld.o" "../src/helloworld.c"
../src/helloworld.c:54:1: warning: missing braces around initializer [-Wmissing-braces]
 char buffer[32][128][3] = { 0, 0, 255, 0, 0, 255, 0, 0, 255, 255, 255, 255, 244, 244, 255, 46,
 ^
../src/helloworld.c:54:1: warning: (near initialization for 'buffer[0]') [-Wmissing-braces]
../src/helloworld.c:758:1: warning: missing braces around initializer [-Wmissing-braces]
 char small_g[32][32][3] = { 0, 109, 182, 0, 109, 182, 0, 109, 182, 0, 109, 182, 0, 109, 182, 0, 109, 182, 0, 109, 182, 0, 109, 182, 0, 109, 182, 0, 109, 182, 0, 109, 182, 0, 109, 182, 0, 109, 182, 0, 109, 182, 0, 109, 182, 0, 109, 182, 0, 109, 182, 0, 109, 182, 0, 109, 182, 0, 109, 182, 0, 109, 182, 0, 109, 182, 0, 109, 182, 0, 109, 182, 0, 109, 182, 0, 109, 182, 0, 109, 182, 0, 109, 182, 0, 109, 182, 0, 109, 182, 0, 109, 182, 0, 109, 182,
 ^
../src/helloworld.c:758:1: warning: (near initialization for 'small_g[0]') [-Wmissing-braces]
../src/helloworld.c: In function 'main':
../src/helloworld.c:811:8: warning: unused variable 'init_count' [-Wunused-variable]
    int init_count = 16;
        ^
../src/helloworld.c:810:8: warning: unused variable 'clk_counter' [-Wunused-variable]
    int clk_counter = 0;
        ^
../src/helloworld.c:808:8: warning: unused variable 'BLANK_state' [-Wunused-variable]
    int BLANK_state;
        ^
../src/helloworld.c:807:8: warning: unused variable 'control' [-Wunused-variable]
    int control;
        ^
../src/helloworld.c:805:8: warning: unused variable 'xor_mask' [-Wunused-variable]
    int xor_mask = 0;
        ^
../src/helloworld.c:804:8: warning: variable 'switch_data' set but not used [-Wunused-but-set-variable]
    int switch_data = 0;
        ^
Finished building: ../src/helloworld.c
 
Building target: intro.elf
Invoking: ARM gcc linker
arm-xilinx-eabi-gcc -Wl,-T -Wl,../src/lscript.ld -L../../intro_bsp/ps7_cortexa9_0/lib -o "intro.elf"  ./src/helloworld.o ./src/platform.o   -Wl,--start-group,-lxil,-lgcc,-lc,--end-group
Finished building target: intro.elf
 
Invoking: ARM Print Size
arm-xilinx-eabi-size intro.elf  |tee "intro.elf.size"
   text	   data	    bss	    dec	    hex	filename
  25604	  16560	  22580	  64744	   fce8	intro.elf
Finished building: intro.elf.size
 
12:54:28 **** Auto Build of configuration Debug for project intro ****
make all 
Building file: ../src/helloworld.c
Invoking: ARM gcc compiler
arm-xilinx-eabi-gcc -Wall -O0 -g3 -c -fmessage-length=0 -MT"src/helloworld.o" -I../../intro_bsp/ps7_cortexa9_0/include -MMD -MP -MF"src/helloworld.d" -MT"src/helloworld.d" -o "src/helloworld.o" "../src/helloworld.c"
../src/helloworld.c:54:1: warning: missing braces around initializer [-Wmissing-braces]
 char buffer[32][128][3] = { 0, 0, 255, 0, 0, 255, 0, 0, 255, 255, 255, 255, 244, 244, 255, 46,
 ^
../src/helloworld.c:54:1: warning: (near initialization for 'buffer[0]') [-Wmissing-braces]
../src/helloworld.c:758:1: warning: missing braces around initializer [-Wmissing-braces]
 char small_g[32][32][3] = { 0, 109, 182, 0, 109, 182, 0, 109, 182, 0, 109, 182, 0, 109, 182, 0, 109, 182, 0, 109, 182, 0, 109, 182, 0, 109, 182, 0, 109, 182, 0, 109, 182, 0, 109, 182, 0, 109, 182, 0, 109, 182, 0, 109, 182, 0, 109, 182, 0, 109, 182, 0, 109, 182, 0, 109, 182, 0, 109, 182, 0, 109, 182, 0, 109, 182, 0, 109, 182, 0, 109, 182, 0, 109, 182, 0, 109, 182, 0, 109, 182, 0, 109, 182, 0, 109, 182, 0, 109, 182, 0, 109, 182, 0, 109, 182,
 ^
../src/helloworld.c:758:1: warning: (near initialization for 'small_g[0]') [-Wmissing-braces]
../src/helloworld.c: In function 'main':
../src/helloworld.c:811:8: warning: unused variable 'init_count' [-Wunused-variable]
    int init_count = 16;
        ^
../src/helloworld.c:810:8: warning: unused variable 'clk_counter' [-Wunused-variable]
    int clk_counter = 0;
        ^
../src/helloworld.c:808:8: warning: unused variable 'BLANK_state' [-Wunused-variable]
    int BLANK_state;
        ^
../src/helloworld.c:807:8: warning: unused variable 'control' [-Wunused-variable]
    int control;
        ^
../src/helloworld.c:805:8: warning: unused variable 'xor_mask' [-Wunused-variable]
    int xor_mask = 0;
        ^
../src/helloworld.c:804:8: warning: variable 'switch_data' set but not used [-Wunused-but-set-variable]
    int switch_data = 0;
        ^
Finished building: ../src/helloworld.c
 
Building target: intro.elf
Invoking: ARM gcc linker
arm-xilinx-eabi-gcc -Wl,-T -Wl,../src/lscript.ld -L../../intro_bsp/ps7_cortexa9_0/lib -o "intro.elf"  ./src/helloworld.o ./src/platform.o   -Wl,--start-group,-lxil,-lgcc,-lc,--end-group
Finished building target: intro.elf
 
Invoking: ARM Print Size
arm-xilinx-eabi-size intro.elf  |tee "intro.elf.size"
   text	   data	    bss	    dec	    hex	filename
  25604	  16560	  22580	  64744	   fce8	intro.elf
Finished building: intro.elf.size
 
12:54:56 **** Incremental Build of configuration Debug for project intro ****
make all 
make: Nothing to be done for 'all'.
12:55:06 **** Incremental Build of configuration Debug for project intro ****
make all 
make: Nothing to be done for 'all'.
12:56:50 **** Incremental Build of configuration Debug for project intro ****
make all 
make: Nothing to be done for 'all'.
12:58:42 **** Auto Build of configuration Debug for project intro ****
make all 
Building file: ../src/helloworld.c
Invoking: ARM gcc compiler
arm-xilinx-eabi-gcc -Wall -O0 -g3 -c -fmessage-length=0 -MT"src/helloworld.o" -I../../intro_bsp/ps7_cortexa9_0/include -MMD -MP -MF"src/helloworld.d" -MT"src/helloworld.d" -o "src/helloworld.o" "../src/helloworld.c"
../src/helloworld.c:54:1: warning: missing braces around initializer [-Wmissing-braces]
 char buffer[32][128][3] = { 0, 0, 255, 0, 0, 255, 0, 0, 255, 255, 255, 255, 244, 244, 255, 46,
 ^
../src/helloworld.c:54:1: warning: (near initialization for 'buffer[0]') [-Wmissing-braces]
../src/helloworld.c:758:1: warning: missing braces around initializer [-Wmissing-braces]
 char small_g[32][32][3] = { 0, 109, 182, 0, 109, 182, 0, 109, 182, 0, 109, 182, 0, 109, 182, 0, 109, 182, 0, 109, 182, 0, 109, 182, 0, 109, 182, 0, 109, 182, 0, 109, 182, 0, 109, 182, 0, 109, 182, 0, 109, 182, 0, 109, 182, 0, 109, 182, 0, 109, 182, 0, 109, 182, 0, 109, 182, 0, 109, 182, 0, 109, 182, 0, 109, 182, 0, 109, 182, 0, 109, 182, 0, 109, 182, 0, 109, 182, 0, 109, 182, 0, 109, 182, 0, 109, 182, 0, 109, 182, 0, 109, 182, 0, 109, 182,
 ^
../src/helloworld.c:758:1: warning: (near initialization for 'small_g[0]') [-Wmissing-braces]
../src/helloworld.c: In function 'main':
../src/helloworld.c:811:8: warning: unused variable 'init_count' [-Wunused-variable]
    int init_count = 16;
        ^
../src/helloworld.c:810:8: warning: unused variable 'clk_counter' [-Wunused-variable]
    int clk_counter = 0;
        ^
../src/helloworld.c:808:8: warning: unused variable 'BLANK_state' [-Wunused-variable]
    int BLANK_state;
        ^
../src/helloworld.c:807:8: warning: unused variable 'control' [-Wunused-variable]
    int control;
        ^
../src/helloworld.c:805:8: warning: unused variable 'xor_mask' [-Wunused-variable]
    int xor_mask = 0;
        ^
../src/helloworld.c:804:8: warning: variable 'switch_data' set but not used [-Wunused-but-set-variable]
    int switch_data = 0;
        ^
Finished building: ../src/helloworld.c
 
Building target: intro.elf
Invoking: ARM gcc linker
arm-xilinx-eabi-gcc -Wl,-T -Wl,../src/lscript.ld -L../../intro_bsp/ps7_cortexa9_0/lib -o "intro.elf"  ./src/helloworld.o ./src/platform.o   -Wl,--start-group,-lxil,-lgcc,-lc,--end-group
Finished building target: intro.elf
 
Invoking: ARM Print Size
arm-xilinx-eabi-size intro.elf  |tee "intro.elf.size"
   text	   data	    bss	    dec	    hex	filename
  25616	  16560	  22580	  64756	   fcf4	intro.elf
Finished building: intro.elf.size
 
12:59:14 **** Incremental Build of configuration Debug for project intro ****
make all 
make: Nothing to be done for 'all'.
12:59:21 **** Incremental Build of configuration Debug for project intro ****
make all 
make: Nothing to be done for 'all'.
13:00:33 **** Auto Build of configuration Debug for project intro ****
make all 
Building file: ../src/helloworld.c
Invoking: ARM gcc compiler
arm-xilinx-eabi-gcc -Wall -O0 -g3 -c -fmessage-length=0 -MT"src/helloworld.o" -I../../intro_bsp/ps7_cortexa9_0/include -MMD -MP -MF"src/helloworld.d" -MT"src/helloworld.d" -o "src/helloworld.o" "../src/helloworld.c"
../src/helloworld.c:54:1: warning: missing braces around initializer [-Wmissing-braces]
 char buffer[32][128][3] = { 0, 0, 255, 0, 0, 255, 0, 0, 255, 255, 255, 255, 244, 244, 255, 46,
 ^
../src/helloworld.c:54:1: warning: (near initialization for 'buffer[0]') [-Wmissing-braces]
../src/helloworld.c:758:1: warning: missing braces around initializer [-Wmissing-braces]
 char small_g[32][32][3] = { 0, 109, 182, 0, 109, 182, 0, 109, 182, 0, 109, 182, 0, 109, 182, 0, 109, 182, 0, 109, 182, 0, 109, 182, 0, 109, 182, 0, 109, 182, 0, 109, 182, 0, 109, 182, 0, 109, 182, 0, 109, 182, 0, 109, 182, 0, 109, 182, 0, 109, 182, 0, 109, 182, 0, 109, 182, 0, 109, 182, 0, 109, 182, 0, 109, 182, 0, 109, 182, 0, 109, 182, 0, 109, 182, 0, 109, 182, 0, 109, 182, 0, 109, 182, 0, 109, 182, 0, 109, 182, 0, 109, 182, 0, 109, 182,
 ^
../src/helloworld.c:758:1: warning: (near initialization for 'small_g[0]') [-Wmissing-braces]
../src/helloworld.c: In function 'main':
../src/helloworld.c:811:8: warning: unused variable 'init_count' [-Wunused-variable]
    int init_count = 16;
        ^
../src/helloworld.c:810:8: warning: unused variable 'clk_counter' [-Wunused-variable]
    int clk_counter = 0;
        ^
../src/helloworld.c:808:8: warning: unused variable 'BLANK_state' [-Wunused-variable]
    int BLANK_state;
        ^
../src/helloworld.c:807:8: warning: unused variable 'control' [-Wunused-variable]
    int control;
        ^
../src/helloworld.c:805:8: warning: unused variable 'xor_mask' [-Wunused-variable]
    int xor_mask = 0;
        ^
../src/helloworld.c:804:8: warning: variable 'switch_data' set but not used [-Wunused-but-set-variable]
    int switch_data = 0;
        ^
Finished building: ../src/helloworld.c
 
Building target: intro.elf
Invoking: ARM gcc linker
arm-xilinx-eabi-gcc -Wl,-T -Wl,../src/lscript.ld -L../../intro_bsp/ps7_cortexa9_0/lib -o "intro.elf"  ./src/helloworld.o ./src/platform.o   -Wl,--start-group,-lxil,-lgcc,-lc,--end-group
Finished building target: intro.elf
 
Invoking: ARM Print Size
arm-xilinx-eabi-size intro.elf  |tee "intro.elf.size"
   text	   data	    bss	    dec	    hex	filename
  25584	  16560	  22580	  64724	   fcd4	intro.elf
Finished building: intro.elf.size
 
13:00:53 **** Incremental Build of configuration Debug for project intro ****
make all 
make: Nothing to be done for 'all'.
13:01:14 **** Auto Build of configuration Debug for project intro ****
make all 
Building file: ../src/helloworld.c
Invoking: ARM gcc compiler
arm-xilinx-eabi-gcc -Wall -O0 -g3 -c -fmessage-length=0 -MT"src/helloworld.o" -I../../intro_bsp/ps7_cortexa9_0/include -MMD -MP -MF"src/helloworld.d" -MT"src/helloworld.d" -o "src/helloworld.o" "../src/helloworld.c"
../src/helloworld.c:54:1: warning: missing braces around initializer [-Wmissing-braces]
 char buffer[32][128][3] = { 0, 0, 255, 0, 0, 255, 0, 0, 255, 255, 255, 255, 244, 244, 255, 46,
 ^
../src/helloworld.c:54:1: warning: (near initialization for 'buffer[0]') [-Wmissing-braces]
../src/helloworld.c:758:1: warning: missing braces around initializer [-Wmissing-braces]
 char small_g[32][32][3] = { 0, 109, 182, 0, 109, 182, 0, 109, 182, 0, 109, 182, 0, 109, 182, 0, 109, 182, 0, 109, 182, 0, 109, 182, 0, 109, 182, 0, 109, 182, 0, 109, 182, 0, 109, 182, 0, 109, 182, 0, 109, 182, 0, 109, 182, 0, 109, 182, 0, 109, 182, 0, 109, 182, 0, 109, 182, 0, 109, 182, 0, 109, 182, 0, 109, 182, 0, 109, 182, 0, 109, 182, 0, 109, 182, 0, 109, 182, 0, 109, 182, 0, 109, 182, 0, 109, 182, 0, 109, 182, 0, 109, 182, 0, 109, 182,
 ^
../src/helloworld.c:758:1: warning: (near initialization for 'small_g[0]') [-Wmissing-braces]
../src/helloworld.c: In function 'main':
../src/helloworld.c:811:8: warning: unused variable 'init_count' [-Wunused-variable]
    int init_count = 16;
        ^
../src/helloworld.c:810:8: warning: unused variable 'clk_counter' [-Wunused-variable]
    int clk_counter = 0;
        ^
../src/helloworld.c:808:8: warning: unused variable 'BLANK_state' [-Wunused-variable]
    int BLANK_state;
        ^
../src/helloworld.c:807:8: warning: unused variable 'control' [-Wunused-variable]
    int control;
        ^
../src/helloworld.c:805:8: warning: unused variable 'xor_mask' [-Wunused-variable]
    int xor_mask = 0;
        ^
../src/helloworld.c:804:8: warning: variable 'switch_data' set but not used [-Wunused-but-set-variable]
    int switch_data = 0;
        ^
Finished building: ../src/helloworld.c
 
Building target: intro.elf
Invoking: ARM gcc linker
arm-xilinx-eabi-gcc -Wl,-T -Wl,../src/lscript.ld -L../../intro_bsp/ps7_cortexa9_0/lib -o "intro.elf"  ./src/helloworld.o ./src/platform.o   -Wl,--start-group,-lxil,-lgcc,-lc,--end-group
Finished building target: intro.elf
 
Invoking: ARM Print Size
arm-xilinx-eabi-size intro.elf  |tee "intro.elf.size"
   text	   data	    bss	    dec	    hex	filename
  25576	  16560	  22580	  64716	   fccc	intro.elf
Finished building: intro.elf.size
 
13:01:39 **** Incremental Build of configuration Debug for project intro ****
make all 
make: Nothing to be done for 'all'.
13:01:47 **** Incremental Build of configuration Debug for project intro ****
make all 
make: Nothing to be done for 'all'.
14:27:22 **** Incremental Build of configuration Debug for project intro ****
make all 
make: Nothing to be done for 'all'.
14:27:30 **** Incremental Build of configuration Debug for project intro ****
make all 
make: Nothing to be done for 'all'.
14:28:57 **** Incremental Build of configuration Debug for project intro ****
make all 
make: Nothing to be done for 'all'.
14:29:19 **** Incremental Build of configuration Debug for project intro ****
make all 
make: Nothing to be done for 'all'.
